// Jest Snapshot v1, https://goo.gl/fbAQLP

exports[`snapshot test 1`] = `
Object {
  "Parameters": Object {
    "AssetParameters05f3a692d4f92be324ba045647db166eac6bb2b8da784468f4bafe2689bc0118ArtifactHashA1AF759D": Object {
      "Description": "Artifact hash for asset \\"05f3a692d4f92be324ba045647db166eac6bb2b8da784468f4bafe2689bc0118\\"",
      "Type": "String",
    },
    "AssetParameters05f3a692d4f92be324ba045647db166eac6bb2b8da784468f4bafe2689bc0118S3Bucket1E779883": Object {
      "Description": "S3 bucket for asset \\"05f3a692d4f92be324ba045647db166eac6bb2b8da784468f4bafe2689bc0118\\"",
      "Type": "String",
    },
    "AssetParameters05f3a692d4f92be324ba045647db166eac6bb2b8da784468f4bafe2689bc0118S3VersionKey25C8C3AB": Object {
      "Description": "S3 key for asset version \\"05f3a692d4f92be324ba045647db166eac6bb2b8da784468f4bafe2689bc0118\\"",
      "Type": "String",
    },
    "AssetParameters67b7823b74bc135986aa72f889d6a8da058d0c4a20cbc2dfc6f78995fdd2fc24ArtifactHashBA91B77F": Object {
      "Description": "Artifact hash for asset \\"67b7823b74bc135986aa72f889d6a8da058d0c4a20cbc2dfc6f78995fdd2fc24\\"",
      "Type": "String",
    },
    "AssetParameters67b7823b74bc135986aa72f889d6a8da058d0c4a20cbc2dfc6f78995fdd2fc24S3Bucket4D46ABB5": Object {
      "Description": "S3 bucket for asset \\"67b7823b74bc135986aa72f889d6a8da058d0c4a20cbc2dfc6f78995fdd2fc24\\"",
      "Type": "String",
    },
    "AssetParameters67b7823b74bc135986aa72f889d6a8da058d0c4a20cbc2dfc6f78995fdd2fc24S3VersionKeyB0F28861": Object {
      "Description": "S3 key for asset version \\"67b7823b74bc135986aa72f889d6a8da058d0c4a20cbc2dfc6f78995fdd2fc24\\"",
      "Type": "String",
    },
  },
  "Resources": Object {
    "LogRetentionaae0aa3c5b4d4f87b02d85b201efdd8aFD4BFC8A": Object {
      "DependsOn": Array [
        "LogRetentionaae0aa3c5b4d4f87b02d85b201efdd8aServiceRoleDefaultPolicyADDA7DEB",
        "LogRetentionaae0aa3c5b4d4f87b02d85b201efdd8aServiceRole9741ECFB",
      ],
      "Properties": Object {
        "Code": Object {
          "S3Bucket": Object {
            "Ref": "AssetParameters67b7823b74bc135986aa72f889d6a8da058d0c4a20cbc2dfc6f78995fdd2fc24S3Bucket4D46ABB5",
          },
          "S3Key": Object {
            "Fn::Join": Array [
              "",
              Array [
                Object {
                  "Fn::Select": Array [
                    0,
                    Object {
                      "Fn::Split": Array [
                        "||",
                        Object {
                          "Ref": "AssetParameters67b7823b74bc135986aa72f889d6a8da058d0c4a20cbc2dfc6f78995fdd2fc24S3VersionKeyB0F28861",
                        },
                      ],
                    },
                  ],
                },
                Object {
                  "Fn::Select": Array [
                    1,
                    Object {
                      "Fn::Split": Array [
                        "||",
                        Object {
                          "Ref": "AssetParameters67b7823b74bc135986aa72f889d6a8da058d0c4a20cbc2dfc6f78995fdd2fc24S3VersionKeyB0F28861",
                        },
                      ],
                    },
                  ],
                },
              ],
            ],
          },
        },
        "Handler": "index.handler",
        "Role": Object {
          "Fn::GetAtt": Array [
            "LogRetentionaae0aa3c5b4d4f87b02d85b201efdd8aServiceRole9741ECFB",
            "Arn",
          ],
        },
        "Runtime": "nodejs10.x",
      },
      "Type": "AWS::Lambda::Function",
    },
    "LogRetentionaae0aa3c5b4d4f87b02d85b201efdd8aServiceRole9741ECFB": Object {
      "Properties": Object {
        "AssumeRolePolicyDocument": Object {
          "Statement": Array [
            Object {
              "Action": "sts:AssumeRole",
              "Effect": "Allow",
              "Principal": Object {
                "Service": "lambda.amazonaws.com",
              },
            },
          ],
          "Version": "2012-10-17",
        },
        "ManagedPolicyArns": Array [
          Object {
            "Fn::Join": Array [
              "",
              Array [
                "arn:",
                Object {
                  "Ref": "AWS::Partition",
                },
                ":iam::aws:policy/service-role/AWSLambdaBasicExecutionRole",
              ],
            ],
          },
        ],
      },
      "Type": "AWS::IAM::Role",
    },
    "LogRetentionaae0aa3c5b4d4f87b02d85b201efdd8aServiceRoleDefaultPolicyADDA7DEB": Object {
      "Properties": Object {
        "PolicyDocument": Object {
          "Statement": Array [
            Object {
              "Action": Array [
                "logs:PutRetentionPolicy",
                "logs:DeleteRetentionPolicy",
              ],
              "Effect": "Allow",
              "Resource": "*",
            },
          ],
          "Version": "2012-10-17",
        },
        "PolicyName": "LogRetentionaae0aa3c5b4d4f87b02d85b201efdd8aServiceRoleDefaultPolicyADDA7DEB",
        "Roles": Array [
          Object {
            "Ref": "LogRetentionaae0aa3c5b4d4f87b02d85b201efdd8aServiceRole9741ECFB",
          },
        ],
      },
      "Type": "AWS::IAM::Policy",
    },
    "MonitoringLambda735252FD": Object {
      "DependsOn": Array [
        "MonitoringLambdaServiceRoleDefaultPolicy076A6149",
        "MonitoringLambdaServiceRole437421AA",
      ],
      "Properties": Object {
        "Code": Object {
          "S3Bucket": Object {
            "Ref": "AssetParameters05f3a692d4f92be324ba045647db166eac6bb2b8da784468f4bafe2689bc0118S3Bucket1E779883",
          },
          "S3Key": Object {
            "Fn::Join": Array [
              "",
              Array [
                Object {
                  "Fn::Select": Array [
                    0,
                    Object {
                      "Fn::Split": Array [
                        "||",
                        Object {
                          "Ref": "AssetParameters05f3a692d4f92be324ba045647db166eac6bb2b8da784468f4bafe2689bc0118S3VersionKey25C8C3AB",
                        },
                      ],
                    },
                  ],
                },
                Object {
                  "Fn::Select": Array [
                    1,
                    Object {
                      "Fn::Split": Array [
                        "||",
                        Object {
                          "Ref": "AssetParameters05f3a692d4f92be324ba045647db166eac6bb2b8da784468f4bafe2689bc0118S3VersionKey25C8C3AB",
                        },
                      ],
                    },
                  ],
                },
              ],
            ],
          },
        },
        "FunctionName": "MonitoringLambda",
        "Handler": "index.handler",
        "MemorySize": 128,
        "Role": Object {
          "Fn::GetAtt": Array [
            "MonitoringLambdaServiceRole437421AA",
            "Arn",
          ],
        },
        "Runtime": "nodejs12.x",
        "Timeout": 3,
      },
      "Type": "AWS::Lambda::Function",
    },
    "MonitoringLambdaServiceRole437421AA": Object {
      "Properties": Object {
        "AssumeRolePolicyDocument": Object {
          "Statement": Array [
            Object {
              "Action": "sts:AssumeRole",
              "Effect": "Allow",
              "Principal": Object {
                "Service": "lambda.amazonaws.com",
              },
            },
          ],
          "Version": "2012-10-17",
        },
        "ManagedPolicyArns": Array [
          Object {
            "Fn::Join": Array [
              "",
              Array [
                "arn:",
                Object {
                  "Ref": "AWS::Partition",
                },
                ":iam::aws:policy/service-role/AWSLambdaBasicExecutionRole",
              ],
            ],
          },
        ],
      },
      "Type": "AWS::IAM::Role",
    },
    "MonitoringLambdaServiceRoleDefaultPolicy076A6149": Object {
      "Properties": Object {
        "PolicyDocument": Object {
          "Statement": Array [
            Object {
              "Action": "cloudwatch:PutMetricData",
              "Effect": "Allow",
              "Resource": "*",
            },
          ],
          "Version": "2012-10-17",
        },
        "PolicyName": "MonitoringLambdaServiceRoleDefaultPolicy076A6149",
        "Roles": Array [
          Object {
            "Ref": "MonitoringLambdaServiceRole437421AA",
          },
        ],
      },
      "Type": "AWS::IAM::Policy",
    },
    "TestFunction22AD90FC": Object {
      "DependsOn": Array [
        "TestFunctionServiceRole6ABD93C7",
      ],
      "Properties": Object {
        "Code": Object {
          "ZipFile": "
exports.handler = async (event) => {
  console.inf(\\"Hello World.)
  console.info(\\"event: %o\\", event)
}",
        },
        "FunctionName": "MonitoringLambda-TestFunction",
        "Handler": "index.handler",
        "MemorySize": 128,
        "Role": Object {
          "Fn::GetAtt": Array [
            "TestFunctionServiceRole6ABD93C7",
            "Arn",
          ],
        },
        "Runtime": "nodejs12.x",
        "Timeout": 3,
      },
      "Type": "AWS::Lambda::Function",
    },
    "TestFunctionLogRetention529D2BEC": Object {
      "Properties": Object {
        "LogGroupName": Object {
          "Fn::Join": Array [
            "",
            Array [
              "/aws/lambda/",
              Object {
                "Ref": "TestFunction22AD90FC",
              },
            ],
          ],
        },
        "ServiceToken": Object {
          "Fn::GetAtt": Array [
            "LogRetentionaae0aa3c5b4d4f87b02d85b201efdd8aFD4BFC8A",
            "Arn",
          ],
        },
      },
      "Type": "Custom::LogRetention",
    },
    "TestFunctionServiceRole6ABD93C7": Object {
      "Properties": Object {
        "AssumeRolePolicyDocument": Object {
          "Statement": Array [
            Object {
              "Action": "sts:AssumeRole",
              "Effect": "Allow",
              "Principal": Object {
                "Service": "lambda.amazonaws.com",
              },
            },
          ],
          "Version": "2012-10-17",
        },
        "ManagedPolicyArns": Array [
          Object {
            "Fn::Join": Array [
              "",
              Array [
                "arn:",
                Object {
                  "Ref": "AWS::Partition",
                },
                ":iam::aws:policy/service-role/AWSLambdaBasicExecutionRole",
              ],
            ],
          },
        ],
      },
      "Type": "AWS::IAM::Role",
    },
    "TestFunctionTestFunctionLogGroupSubscriptionFilter571B25C1": Object {
      "Properties": Object {
        "DestinationArn": Object {
          "Fn::GetAtt": Array [
            "MonitoringLambda735252FD",
            "Arn",
          ],
        },
        "FilterPattern": "\\"REPORT\\"",
        "LogGroupName": Object {
          "Fn::GetAtt": Array [
            "TestFunctionLogRetention529D2BEC",
            "LogGroupName",
          ],
        },
      },
      "Type": "AWS::Logs::SubscriptionFilter",
    },
    "TestFunctionTestFunctionLogGroupSubscriptionFilterCanInvokeLambda1BFF8598": Object {
      "Properties": Object {
        "Action": "lambda:InvokeFunction",
        "FunctionName": Object {
          "Fn::GetAtt": Array [
            "MonitoringLambda735252FD",
            "Arn",
          ],
        },
        "Principal": "logs.amazonaws.com",
        "SourceArn": Object {
          "Fn::Join": Array [
            "",
            Array [
              "arn:",
              Object {
                "Ref": "AWS::Partition",
              },
              ":logs:",
              Object {
                "Ref": "AWS::Region",
              },
              ":",
              Object {
                "Ref": "AWS::AccountId",
              },
              ":log-group:",
              Object {
                "Fn::GetAtt": Array [
                  "TestFunctionLogRetention529D2BEC",
                  "LogGroupName",
                ],
              },
              ":*",
            ],
          ],
        },
      },
      "Type": "AWS::Lambda::Permission",
    },
  },
}
`;
