// Jest Snapshot v1, https://goo.gl/fbAQLP

exports[`snapshot test 1`] = `
Object {
  "Parameters": Object {
    "AssetParameters8a4c894b579a0e20c7d82b381d168727d0e5059515507f057a5f99446274058fArtifactHashD57FC119": Object {
      "Description": "Artifact hash for asset \\"8a4c894b579a0e20c7d82b381d168727d0e5059515507f057a5f99446274058f\\"",
      "Type": "String",
    },
    "AssetParameters8a4c894b579a0e20c7d82b381d168727d0e5059515507f057a5f99446274058fS3Bucket6EF2D9FC": Object {
      "Description": "S3 bucket for asset \\"8a4c894b579a0e20c7d82b381d168727d0e5059515507f057a5f99446274058f\\"",
      "Type": "String",
    },
    "AssetParameters8a4c894b579a0e20c7d82b381d168727d0e5059515507f057a5f99446274058fS3VersionKey340E88CF": Object {
      "Description": "S3 key for asset version \\"8a4c894b579a0e20c7d82b381d168727d0e5059515507f057a5f99446274058f\\"",
      "Type": "String",
    },
  },
  "Resources": Object {
    "Bucket83908E77": Object {
      "DeletionPolicy": "Delete",
      "Type": "AWS::S3::Bucket",
      "UpdateReplacePolicy": "Delete",
    },
    "Canary11957FE2": Object {
      "Properties": Object {
        "ArtifactS3Location": Object {
          "Fn::Join": Array [
            "",
            Array [
              "s3://",
              Object {
                "Ref": "Bucket83908E77",
              },
            ],
          ],
        },
        "Code": Object {
          "Handler": "index.handler",
          "S3Bucket": Object {
            "Ref": "AssetParameters8a4c894b579a0e20c7d82b381d168727d0e5059515507f057a5f99446274058fS3Bucket6EF2D9FC",
          },
          "S3Key": Object {
            "Fn::Join": Array [
              "",
              Array [
                Object {
                  "Fn::Select": Array [
                    0,
                    Object {
                      "Fn::Split": Array [
                        "||",
                        Object {
                          "Ref": "AssetParameters8a4c894b579a0e20c7d82b381d168727d0e5059515507f057a5f99446274058fS3VersionKey340E88CF",
                        },
                      ],
                    },
                  ],
                },
                Object {
                  "Fn::Select": Array [
                    1,
                    Object {
                      "Fn::Split": Array [
                        "||",
                        Object {
                          "Ref": "AssetParameters8a4c894b579a0e20c7d82b381d168727d0e5059515507f057a5f99446274058fS3VersionKey340E88CF",
                        },
                      ],
                    },
                  ],
                },
              ],
            ],
          },
        },
        "ExecutionRoleArn": Object {
          "Fn::GetAtt": Array [
            "CanaryServiceRoleD132250E",
            "Arn",
          ],
        },
        "Name": "targetcanary9841ca23",
        "RuntimeVersion": "syn-nodejs-puppeteer-3.0",
        "Schedule": Object {
          "DurationInSeconds": "300",
          "Expression": "rate(0 minutes)",
        },
        "StartCanaryAfterCreation": true,
      },
      "Type": "AWS::Synthetics::Canary",
    },
    "CanaryServiceRoleD132250E": Object {
      "Properties": Object {
        "AssumeRolePolicyDocument": Object {
          "Statement": Array [
            Object {
              "Action": "sts:AssumeRole",
              "Effect": "Allow",
              "Principal": Object {
                "Service": "lambda.amazonaws.com",
              },
            },
          ],
          "Version": "2012-10-17",
        },
        "Policies": Array [
          Object {
            "PolicyDocument": Object {
              "Statement": Array [
                Object {
                  "Action": "s3:ListAllMyBuckets",
                  "Effect": "Allow",
                  "Resource": "*",
                },
                Object {
                  "Action": Array [
                    "s3:PutObject",
                    "s3:GetBucketLocation",
                  ],
                  "Effect": "Allow",
                  "Resource": Object {
                    "Fn::Join": Array [
                      "",
                      Array [
                        Object {
                          "Fn::GetAtt": Array [
                            "Bucket83908E77",
                            "Arn",
                          ],
                        },
                        "/*",
                      ],
                    ],
                  },
                },
                Object {
                  "Action": "cloudwatch:PutMetricData",
                  "Condition": Object {
                    "StringEquals": Object {
                      "cloudwatch:namespace": "CloudWatchSynthetics",
                    },
                  },
                  "Effect": "Allow",
                  "Resource": "*",
                },
                Object {
                  "Action": Array [
                    "logs:CreateLogStream",
                    "logs:CreateLogGroup",
                    "logs:PutLogEvents",
                  ],
                  "Effect": "Allow",
                  "Resource": Object {
                    "Fn::Join": Array [
                      "",
                      Array [
                        "arn:",
                        Object {
                          "Ref": "AWS::Partition",
                        },
                        ":logs:::*",
                      ],
                    ],
                  },
                },
              ],
              "Version": "2012-10-17",
            },
            "PolicyName": "canaryPolicy",
          },
        ],
      },
      "Type": "AWS::IAM::Role",
    },
  },
}
`;
