// Jest Snapshot v1, https://goo.gl/fbAQLP

exports[`snapshot test 1`] = `
Object {
  "Outputs": Object {
    "RestApiEndpoint0551178A": Object {
      "Value": Object {
        "Fn::Join": Array [
          "",
          Array [
            "https://",
            Object {
              "Ref": "RestApi0C43BF4B",
            },
            ".execute-api.",
            Object {
              "Ref": "AWS::Region",
            },
            ".",
            Object {
              "Ref": "AWS::URLSuffix",
            },
            "/",
            Object {
              "Ref": "RestApiDeploymentStageprod3855DE66",
            },
            "/",
          ],
        ],
      },
    },
  },
  "Parameters": Object {
    "AssetParameters231a5d69f0333ffec7e2957861f38ba6ed915e66923f431068e4a252c3721563ArtifactHash2FD95D4C": Object {
      "Description": "Artifact hash for asset \\"231a5d69f0333ffec7e2957861f38ba6ed915e66923f431068e4a252c3721563\\"",
      "Type": "String",
    },
    "AssetParameters231a5d69f0333ffec7e2957861f38ba6ed915e66923f431068e4a252c3721563S3BucketC5F33318": Object {
      "Description": "S3 bucket for asset \\"231a5d69f0333ffec7e2957861f38ba6ed915e66923f431068e4a252c3721563\\"",
      "Type": "String",
    },
    "AssetParameters231a5d69f0333ffec7e2957861f38ba6ed915e66923f431068e4a252c3721563S3VersionKey08D37BD6": Object {
      "Description": "S3 key for asset version \\"231a5d69f0333ffec7e2957861f38ba6ed915e66923f431068e4a252c3721563\\"",
      "Type": "String",
    },
  },
  "Resources": Object {
    "LambdaCurrentVersionDF706F6A4d1309662039316c67f9939518ccc6e3": Object {
      "DeletionPolicy": "Retain",
      "Properties": Object {
        "FunctionName": Object {
          "Ref": "LambdaD247545B",
        },
      },
      "Type": "AWS::Lambda::Version",
      "UpdateReplacePolicy": "Retain",
    },
    "LambdaD247545B": Object {
      "DependsOn": Array [
        "LambdaServiceRoleDefaultPolicyDAE46E21",
        "LambdaServiceRoleA8ED4D3B",
      ],
      "Properties": Object {
        "Code": Object {
          "S3Bucket": Object {
            "Ref": "AssetParameters231a5d69f0333ffec7e2957861f38ba6ed915e66923f431068e4a252c3721563S3BucketC5F33318",
          },
          "S3Key": Object {
            "Fn::Join": Array [
              "",
              Array [
                Object {
                  "Fn::Select": Array [
                    0,
                    Object {
                      "Fn::Split": Array [
                        "||",
                        Object {
                          "Ref": "AssetParameters231a5d69f0333ffec7e2957861f38ba6ed915e66923f431068e4a252c3721563S3VersionKey08D37BD6",
                        },
                      ],
                    },
                  ],
                },
                Object {
                  "Fn::Select": Array [
                    1,
                    Object {
                      "Fn::Split": Array [
                        "||",
                        Object {
                          "Ref": "AssetParameters231a5d69f0333ffec7e2957861f38ba6ed915e66923f431068e4a252c3721563S3VersionKey08D37BD6",
                        },
                      ],
                    },
                  ],
                },
              ],
            ],
          },
        },
        "Handler": "index.handler",
        "Role": Object {
          "Fn::GetAtt": Array [
            "LambdaServiceRoleA8ED4D3B",
            "Arn",
          ],
        },
        "Runtime": "nodejs12.x",
        "TracingConfig": Object {
          "Mode": "Active",
        },
      },
      "Type": "AWS::Lambda::Function",
    },
    "LambdaServiceRoleA8ED4D3B": Object {
      "Properties": Object {
        "AssumeRolePolicyDocument": Object {
          "Statement": Array [
            Object {
              "Action": "sts:AssumeRole",
              "Effect": "Allow",
              "Principal": Object {
                "Service": "lambda.amazonaws.com",
              },
            },
          ],
          "Version": "2012-10-17",
        },
        "ManagedPolicyArns": Array [
          Object {
            "Fn::Join": Array [
              "",
              Array [
                "arn:",
                Object {
                  "Ref": "AWS::Partition",
                },
                ":iam::aws:policy/service-role/AWSLambdaBasicExecutionRole",
              ],
            ],
          },
        ],
      },
      "Type": "AWS::IAM::Role",
    },
    "LambdaServiceRoleDefaultPolicyDAE46E21": Object {
      "Properties": Object {
        "PolicyDocument": Object {
          "Statement": Array [
            Object {
              "Action": Array [
                "xray:PutTraceSegments",
                "xray:PutTelemetryRecords",
              ],
              "Effect": "Allow",
              "Resource": "*",
            },
          ],
          "Version": "2012-10-17",
        },
        "PolicyName": "LambdaServiceRoleDefaultPolicyDAE46E21",
        "Roles": Array [
          Object {
            "Ref": "LambdaServiceRoleA8ED4D3B",
          },
        ],
      },
      "Type": "AWS::IAM::Policy",
    },
    "RestApi0C43BF4B": Object {
      "Properties": Object {
        "EndpointConfiguration": Object {
          "Types": Array [
            "REGIONAL",
          ],
        },
        "Name": "ApiGatewayVersioning",
      },
      "Type": "AWS::ApiGateway::RestApi",
    },
    "RestApiAccount7C83CF5A": Object {
      "DependsOn": Array [
        "RestApi0C43BF4B",
      ],
      "Properties": Object {
        "CloudWatchRoleArn": Object {
          "Fn::GetAtt": Array [
            "RestApiCloudWatchRoleE3ED6605",
            "Arn",
          ],
        },
      },
      "Type": "AWS::ApiGateway::Account",
    },
    "RestApiCloudWatchRoleE3ED6605": Object {
      "Properties": Object {
        "AssumeRolePolicyDocument": Object {
          "Statement": Array [
            Object {
              "Action": "sts:AssumeRole",
              "Effect": "Allow",
              "Principal": Object {
                "Service": "apigateway.amazonaws.com",
              },
            },
          ],
          "Version": "2012-10-17",
        },
        "ManagedPolicyArns": Array [
          Object {
            "Fn::Join": Array [
              "",
              Array [
                "arn:",
                Object {
                  "Ref": "AWS::Partition",
                },
                ":iam::aws:policy/service-role/AmazonAPIGatewayPushToCloudWatchLogs",
              ],
            ],
          },
        ],
      },
      "Type": "AWS::IAM::Role",
    },
    "RestApiDeployment180EC50330e508cf261fd4defb37db91ccf2a633": Object {
      "DependsOn": Array [
        "RestApiv100proxyANY333E1696",
        "RestApiv100proxy9883AB85",
        "RestApiv1002E106023",
        "RestApiv101proxyANY9732F2DD",
        "RestApiv101proxyF7078610",
        "RestApiv101780F8679",
        "RestApiv102proxyANYBFD2E574",
        "RestApiv102proxyBBB66A83",
        "RestApiv10236D6F793",
      ],
      "Properties": Object {
        "Description": "Automatically created by the RestApi construct",
        "RestApiId": Object {
          "Ref": "RestApi0C43BF4B",
        },
      },
      "Type": "AWS::ApiGateway::Deployment",
    },
    "RestApiDeploymentStageprod3855DE66": Object {
      "Properties": Object {
        "DeploymentId": Object {
          "Ref": "RestApiDeployment180EC50330e508cf261fd4defb37db91ccf2a633",
        },
        "MethodSettings": Array [
          Object {
            "HttpMethod": "*",
            "LoggingLevel": "INFO",
            "ResourcePath": "/*",
          },
        ],
        "RestApiId": Object {
          "Ref": "RestApi0C43BF4B",
        },
        "StageName": "prod",
      },
      "Type": "AWS::ApiGateway::Stage",
    },
    "RestApiv1002E106023": Object {
      "Properties": Object {
        "ParentId": Object {
          "Fn::GetAtt": Array [
            "RestApi0C43BF4B",
            "RootResourceId",
          ],
        },
        "PathPart": "v1.0.0",
        "RestApiId": Object {
          "Ref": "RestApi0C43BF4B",
        },
      },
      "Type": "AWS::ApiGateway::Resource",
    },
    "RestApiv100proxy9883AB85": Object {
      "Properties": Object {
        "ParentId": Object {
          "Ref": "RestApiv1002E106023",
        },
        "PathPart": "{proxy+}",
        "RestApiId": Object {
          "Ref": "RestApi0C43BF4B",
        },
      },
      "Type": "AWS::ApiGateway::Resource",
    },
    "RestApiv100proxyANY333E1696": Object {
      "Properties": Object {
        "AuthorizationType": "NONE",
        "HttpMethod": "ANY",
        "Integration": Object {
          "IntegrationHttpMethod": "POST",
          "Type": "AWS_PROXY",
          "Uri": Object {
            "Fn::Join": Array [
              "",
              Array [
                "arn:",
                Object {
                  "Ref": "AWS::Partition",
                },
                ":apigateway:",
                Object {
                  "Ref": "AWS::Region",
                },
                ":lambda:path/2015-03-31/functions/",
                Object {
                  "Ref": "lambdaVersionv100Aliasv100F048CF5D",
                },
                "/invocations",
              ],
            ],
          },
        },
        "ResourceId": Object {
          "Ref": "RestApiv100proxy9883AB85",
        },
        "RestApiId": Object {
          "Ref": "RestApi0C43BF4B",
        },
      },
      "Type": "AWS::ApiGateway::Method",
    },
    "RestApiv100proxyANYApiPermissionTargetRestApi40F169DEANYv100proxy732FE226": Object {
      "Properties": Object {
        "Action": "lambda:InvokeFunction",
        "FunctionName": Object {
          "Ref": "lambdaVersionv100Aliasv100F048CF5D",
        },
        "Principal": "apigateway.amazonaws.com",
        "SourceArn": Object {
          "Fn::Join": Array [
            "",
            Array [
              "arn:",
              Object {
                "Ref": "AWS::Partition",
              },
              ":execute-api:",
              Object {
                "Ref": "AWS::Region",
              },
              ":",
              Object {
                "Ref": "AWS::AccountId",
              },
              ":",
              Object {
                "Ref": "RestApi0C43BF4B",
              },
              "/",
              Object {
                "Ref": "RestApiDeploymentStageprod3855DE66",
              },
              "/*/v1.0.0/*",
            ],
          ],
        },
      },
      "Type": "AWS::Lambda::Permission",
    },
    "RestApiv100proxyANYApiPermissionTestTargetRestApi40F169DEANYv100proxyA2EE2520": Object {
      "Properties": Object {
        "Action": "lambda:InvokeFunction",
        "FunctionName": Object {
          "Ref": "lambdaVersionv100Aliasv100F048CF5D",
        },
        "Principal": "apigateway.amazonaws.com",
        "SourceArn": Object {
          "Fn::Join": Array [
            "",
            Array [
              "arn:",
              Object {
                "Ref": "AWS::Partition",
              },
              ":execute-api:",
              Object {
                "Ref": "AWS::Region",
              },
              ":",
              Object {
                "Ref": "AWS::AccountId",
              },
              ":",
              Object {
                "Ref": "RestApi0C43BF4B",
              },
              "/test-invoke-stage/*/v1.0.0/*",
            ],
          ],
        },
      },
      "Type": "AWS::Lambda::Permission",
    },
    "RestApiv101780F8679": Object {
      "Properties": Object {
        "ParentId": Object {
          "Fn::GetAtt": Array [
            "RestApi0C43BF4B",
            "RootResourceId",
          ],
        },
        "PathPart": "v1.0.1",
        "RestApiId": Object {
          "Ref": "RestApi0C43BF4B",
        },
      },
      "Type": "AWS::ApiGateway::Resource",
    },
    "RestApiv101proxyANY9732F2DD": Object {
      "Properties": Object {
        "AuthorizationType": "NONE",
        "HttpMethod": "ANY",
        "Integration": Object {
          "IntegrationHttpMethod": "POST",
          "Type": "AWS_PROXY",
          "Uri": Object {
            "Fn::Join": Array [
              "",
              Array [
                "arn:",
                Object {
                  "Ref": "AWS::Partition",
                },
                ":apigateway:",
                Object {
                  "Ref": "AWS::Region",
                },
                ":lambda:path/2015-03-31/functions/",
                Object {
                  "Ref": "lambdaVersionv101Aliasv101720B2421",
                },
                "/invocations",
              ],
            ],
          },
        },
        "ResourceId": Object {
          "Ref": "RestApiv101proxyF7078610",
        },
        "RestApiId": Object {
          "Ref": "RestApi0C43BF4B",
        },
      },
      "Type": "AWS::ApiGateway::Method",
    },
    "RestApiv101proxyANYApiPermissionTargetRestApi40F169DEANYv101proxy378AD3F7": Object {
      "Properties": Object {
        "Action": "lambda:InvokeFunction",
        "FunctionName": Object {
          "Ref": "lambdaVersionv101Aliasv101720B2421",
        },
        "Principal": "apigateway.amazonaws.com",
        "SourceArn": Object {
          "Fn::Join": Array [
            "",
            Array [
              "arn:",
              Object {
                "Ref": "AWS::Partition",
              },
              ":execute-api:",
              Object {
                "Ref": "AWS::Region",
              },
              ":",
              Object {
                "Ref": "AWS::AccountId",
              },
              ":",
              Object {
                "Ref": "RestApi0C43BF4B",
              },
              "/",
              Object {
                "Ref": "RestApiDeploymentStageprod3855DE66",
              },
              "/*/v1.0.1/*",
            ],
          ],
        },
      },
      "Type": "AWS::Lambda::Permission",
    },
    "RestApiv101proxyANYApiPermissionTestTargetRestApi40F169DEANYv101proxyB2F423D0": Object {
      "Properties": Object {
        "Action": "lambda:InvokeFunction",
        "FunctionName": Object {
          "Ref": "lambdaVersionv101Aliasv101720B2421",
        },
        "Principal": "apigateway.amazonaws.com",
        "SourceArn": Object {
          "Fn::Join": Array [
            "",
            Array [
              "arn:",
              Object {
                "Ref": "AWS::Partition",
              },
              ":execute-api:",
              Object {
                "Ref": "AWS::Region",
              },
              ":",
              Object {
                "Ref": "AWS::AccountId",
              },
              ":",
              Object {
                "Ref": "RestApi0C43BF4B",
              },
              "/test-invoke-stage/*/v1.0.1/*",
            ],
          ],
        },
      },
      "Type": "AWS::Lambda::Permission",
    },
    "RestApiv101proxyF7078610": Object {
      "Properties": Object {
        "ParentId": Object {
          "Ref": "RestApiv101780F8679",
        },
        "PathPart": "{proxy+}",
        "RestApiId": Object {
          "Ref": "RestApi0C43BF4B",
        },
      },
      "Type": "AWS::ApiGateway::Resource",
    },
    "RestApiv10236D6F793": Object {
      "Properties": Object {
        "ParentId": Object {
          "Fn::GetAtt": Array [
            "RestApi0C43BF4B",
            "RootResourceId",
          ],
        },
        "PathPart": "v1.0.2",
        "RestApiId": Object {
          "Ref": "RestApi0C43BF4B",
        },
      },
      "Type": "AWS::ApiGateway::Resource",
    },
    "RestApiv102proxyANYApiPermissionTargetRestApi40F169DEANYv102proxyB315F9A9": Object {
      "Properties": Object {
        "Action": "lambda:InvokeFunction",
        "FunctionName": Object {
          "Ref": "lambdaVersionv102Aliasv102C6402B8D",
        },
        "Principal": "apigateway.amazonaws.com",
        "SourceArn": Object {
          "Fn::Join": Array [
            "",
            Array [
              "arn:",
              Object {
                "Ref": "AWS::Partition",
              },
              ":execute-api:",
              Object {
                "Ref": "AWS::Region",
              },
              ":",
              Object {
                "Ref": "AWS::AccountId",
              },
              ":",
              Object {
                "Ref": "RestApi0C43BF4B",
              },
              "/",
              Object {
                "Ref": "RestApiDeploymentStageprod3855DE66",
              },
              "/*/v1.0.2/*",
            ],
          ],
        },
      },
      "Type": "AWS::Lambda::Permission",
    },
    "RestApiv102proxyANYApiPermissionTestTargetRestApi40F169DEANYv102proxyE22BC638": Object {
      "Properties": Object {
        "Action": "lambda:InvokeFunction",
        "FunctionName": Object {
          "Ref": "lambdaVersionv102Aliasv102C6402B8D",
        },
        "Principal": "apigateway.amazonaws.com",
        "SourceArn": Object {
          "Fn::Join": Array [
            "",
            Array [
              "arn:",
              Object {
                "Ref": "AWS::Partition",
              },
              ":execute-api:",
              Object {
                "Ref": "AWS::Region",
              },
              ":",
              Object {
                "Ref": "AWS::AccountId",
              },
              ":",
              Object {
                "Ref": "RestApi0C43BF4B",
              },
              "/test-invoke-stage/*/v1.0.2/*",
            ],
          ],
        },
      },
      "Type": "AWS::Lambda::Permission",
    },
    "RestApiv102proxyANYBFD2E574": Object {
      "Properties": Object {
        "AuthorizationType": "NONE",
        "HttpMethod": "ANY",
        "Integration": Object {
          "IntegrationHttpMethod": "POST",
          "Type": "AWS_PROXY",
          "Uri": Object {
            "Fn::Join": Array [
              "",
              Array [
                "arn:",
                Object {
                  "Ref": "AWS::Partition",
                },
                ":apigateway:",
                Object {
                  "Ref": "AWS::Region",
                },
                ":lambda:path/2015-03-31/functions/",
                Object {
                  "Ref": "lambdaVersionv102Aliasv102C6402B8D",
                },
                "/invocations",
              ],
            ],
          },
        },
        "ResourceId": Object {
          "Ref": "RestApiv102proxyBBB66A83",
        },
        "RestApiId": Object {
          "Ref": "RestApi0C43BF4B",
        },
      },
      "Type": "AWS::ApiGateway::Method",
    },
    "RestApiv102proxyBBB66A83": Object {
      "Properties": Object {
        "ParentId": Object {
          "Ref": "RestApiv10236D6F793",
        },
        "PathPart": "{proxy+}",
        "RestApiId": Object {
          "Ref": "RestApi0C43BF4B",
        },
      },
      "Type": "AWS::ApiGateway::Resource",
    },
    "lambdaVersionv100Aliasv100F048CF5D": Object {
      "Properties": Object {
        "FunctionName": Object {
          "Ref": "LambdaD247545B",
        },
        "FunctionVersion": "6",
        "Name": "v1_0_0",
      },
      "Type": "AWS::Lambda::Alias",
    },
    "lambdaVersionv101Aliasv101720B2421": Object {
      "Properties": Object {
        "FunctionName": Object {
          "Ref": "LambdaD247545B",
        },
        "FunctionVersion": "7",
        "Name": "v1_0_1",
      },
      "Type": "AWS::Lambda::Alias",
    },
    "lambdaVersionv102Aliasv102C6402B8D": Object {
      "Properties": Object {
        "FunctionName": Object {
          "Ref": "LambdaD247545B",
        },
        "FunctionVersion": Object {
          "Fn::GetAtt": Array [
            "LambdaCurrentVersionDF706F6A4d1309662039316c67f9939518ccc6e3",
            "Version",
          ],
        },
        "Name": "v1_0_2",
      },
      "Type": "AWS::Lambda::Alias",
    },
  },
}
`;
