// Jest Snapshot v1, https://goo.gl/fbAQLP

exports[`snapshot test 1`] = `
Object {
  "Parameters": Object {
    "AssetParameters39cf796ce36dd7e9affd17b54a2af4e147030aa83597161ff2171bbdba67d739ArtifactHash6EF8504E": Object {
      "Description": "Artifact hash for asset \\"39cf796ce36dd7e9affd17b54a2af4e147030aa83597161ff2171bbdba67d739\\"",
      "Type": "String",
    },
    "AssetParameters39cf796ce36dd7e9affd17b54a2af4e147030aa83597161ff2171bbdba67d739S3Bucket2E08C837": Object {
      "Description": "S3 bucket for asset \\"39cf796ce36dd7e9affd17b54a2af4e147030aa83597161ff2171bbdba67d739\\"",
      "Type": "String",
    },
    "AssetParameters39cf796ce36dd7e9affd17b54a2af4e147030aa83597161ff2171bbdba67d739S3VersionKeyAB146374": Object {
      "Description": "S3 key for asset version \\"39cf796ce36dd7e9affd17b54a2af4e147030aa83597161ff2171bbdba67d739\\"",
      "Type": "String",
    },
  },
  "Resources": Object {
    "LambdaD247545B": Object {
      "DependsOn": Array [
        "LambdaServiceRoleA8ED4D3B",
      ],
      "Properties": Object {
        "Code": Object {
          "S3Bucket": Object {
            "Ref": "AssetParameters39cf796ce36dd7e9affd17b54a2af4e147030aa83597161ff2171bbdba67d739S3Bucket2E08C837",
          },
          "S3Key": Object {
            "Fn::Join": Array [
              "",
              Array [
                Object {
                  "Fn::Select": Array [
                    0,
                    Object {
                      "Fn::Split": Array [
                        "||",
                        Object {
                          "Ref": "AssetParameters39cf796ce36dd7e9affd17b54a2af4e147030aa83597161ff2171bbdba67d739S3VersionKeyAB146374",
                        },
                      ],
                    },
                  ],
                },
                Object {
                  "Fn::Select": Array [
                    1,
                    Object {
                      "Fn::Split": Array [
                        "||",
                        Object {
                          "Ref": "AssetParameters39cf796ce36dd7e9affd17b54a2af4e147030aa83597161ff2171bbdba67d739S3VersionKeyAB146374",
                        },
                      ],
                    },
                  ],
                },
              ],
            ],
          },
        },
        "Environment": Object {
          "Variables": Object {
            "AWS_NODEJS_CONNECTION_REUSE_ENABLED": "1",
          },
        },
        "Handler": "index.handler",
        "Layers": Array [
          "arn:aws:lambda:ap-northeast-1:580247275435:layer:LambdaInsightsExtension:14",
        ],
        "Role": Object {
          "Fn::GetAtt": Array [
            "LambdaServiceRoleA8ED4D3B",
            "Arn",
          ],
        },
        "Runtime": "nodejs12.x",
      },
      "Type": "AWS::Lambda::Function",
    },
    "LambdaServiceRoleA8ED4D3B": Object {
      "Properties": Object {
        "AssumeRolePolicyDocument": Object {
          "Statement": Array [
            Object {
              "Action": "sts:AssumeRole",
              "Effect": "Allow",
              "Principal": Object {
                "Service": "lambda.amazonaws.com",
              },
            },
          ],
          "Version": "2012-10-17",
        },
        "ManagedPolicyArns": Array [
          Object {
            "Fn::Join": Array [
              "",
              Array [
                "arn:",
                Object {
                  "Ref": "AWS::Partition",
                },
                ":iam::aws:policy/service-role/AWSLambdaBasicExecutionRole",
              ],
            ],
          },
          Object {
            "Fn::Join": Array [
              "",
              Array [
                "arn:",
                Object {
                  "Ref": "AWS::Partition",
                },
                ":iam::aws:policy/CloudWatchLambdaInsightsExecutionRolePolicy",
              ],
            ],
          },
        ],
      },
      "Type": "AWS::IAM::Role",
    },
  },
}
`;
