// Jest Snapshot v1, https://goo.gl/fbAQLP

exports[`snapshot test 1`] = `
Object {
  "Outputs": Object {
    "RestApiEndpoint0551178A": Object {
      "Value": Object {
        "Fn::Join": Array [
          "",
          Array [
            "https://",
            Object {
              "Ref": "RestApi0C43BF4B",
            },
            ".execute-api.",
            Object {
              "Ref": "AWS::Region",
            },
            ".",
            Object {
              "Ref": "AWS::URLSuffix",
            },
            "/",
            Object {
              "Ref": "RestApiDeploymentStagestg17ECB7F7",
            },
            "/",
          ],
        ],
      },
    },
  },
  "Resources": Object {
    "Apigateway5XX28B036F6": Object {
      "Properties": Object {
        "AlarmName": "Apigateway_5XX",
        "ComparisonOperator": "GreaterThanOrEqualToThreshold",
        "Dimensions": Array [
          Object {
            "Name": "ApiName",
            "Value": "ApigatewayMetrics_RestApi",
          },
          Object {
            "Name": "Stage",
            "Value": Object {
              "Ref": "RestApiDeploymentStagestg17ECB7F7",
            },
          },
        ],
        "EvaluationPeriods": 1,
        "MetricName": "5XXError",
        "Namespace": "AWS/ApiGateway",
        "Period": 60,
        "Statistic": "Sum",
        "Threshold": 1,
      },
      "Type": "AWS::CloudWatch::Alarm",
    },
    "Dashboard9E4231ED": Object {
      "Properties": Object {
        "DashboardBody": Object {
          "Fn::Join": Array [
            "",
            Array [
              "{\\"widgets\\":[{\\"type\\":\\"metric\\",\\"width\\":12,\\"height\\":6,\\"x\\":0,\\"y\\":0,\\"properties\\":{\\"view\\":\\"timeSeries\\",\\"title\\":\\"5XX アラーム\\",\\"region\\":\\"",
              Object {
                "Ref": "AWS::Region",
              },
              "\\",\\"annotations\\":{\\"alarms\\":[\\"",
              Object {
                "Fn::GetAtt": Array [
                  "Apigateway5XX28B036F6",
                  "Arn",
                ],
              },
              "\\"]},\\"yAxis\\":{}}},{\\"type\\":\\"metric\\",\\"width\\":12,\\"height\\":6,\\"x\\":12,\\"y\\":0,\\"properties\\":{\\"view\\":\\"timeSeries\\",\\"title\\":\\"lambda Throttle アラーム\\",\\"region\\":\\"",
              Object {
                "Ref": "AWS::Region",
              },
              "\\",\\"annotations\\":{\\"alarms\\":[\\"",
              Object {
                "Fn::GetAtt": Array [
                  "LambdaThrottle2898CC52",
                  "Arn",
                ],
              },
              "\\"]},\\"yAxis\\":{}}},{\\"type\\":\\"metric\\",\\"width\\":12,\\"height\\":6,\\"x\\":0,\\"y\\":6,\\"properties\\":{\\"view\\":\\"timeSeries\\",\\"title\\":\\"呼び出し回数\\",\\"region\\":\\"",
              Object {
                "Ref": "AWS::Region",
              },
              "\\",\\"metrics\\":[[\\"AWS/ApiGateway\\",\\"Count\\",\\"ApiName\\",\\"ApigatewayMetrics_RestApi\\",\\"Stage\\",\\"",
              Object {
                "Ref": "RestApiDeploymentStagestg17ECB7F7",
              },
              "\\"],[\\"AWS/Lambda\\",\\"Invocations\\",\\"FunctionName\\",\\"",
              Object {
                "Ref": "LambdaD247545B",
              },
              "\\"]],\\"yAxis\\":{}}},{\\"type\\":\\"metric\\",\\"width\\":12,\\"height\\":6,\\"x\\":12,\\"y\\":6,\\"properties\\":{\\"view\\":\\"timeSeries\\",\\"title\\":\\"レイテンシー\\",\\"region\\":\\"",
              Object {
                "Ref": "AWS::Region",
              },
              "\\",\\"metrics\\":[[\\"AWS/Lambda\\",\\"Duration\\",\\"FunctionName\\",\\"",
              Object {
                "Ref": "LambdaD247545B",
              },
              "\\"],[\\"AWS/ApiGateway\\",\\"IntegrationLatency\\",\\"ApiName\\",\\"ApigatewayMetrics_RestApi\\",\\"Stage\\",\\"",
              Object {
                "Ref": "RestApiDeploymentStagestg17ECB7F7",
              },
              "\\"],[\\"AWS/ApiGateway\\",\\"Latency\\",\\"ApiName\\",\\"ApigatewayMetrics_RestApi\\",\\"Stage\\",\\"",
              Object {
                "Ref": "RestApiDeploymentStagestg17ECB7F7",
              },
              "\\"]],\\"yAxis\\":{}}},{\\"type\\":\\"metric\\",\\"width\\":12,\\"height\\":6,\\"x\\":0,\\"y\\":12,\\"properties\\":{\\"view\\":\\"timeSeries\\",\\"title\\":\\"5XX\\",\\"region\\":\\"",
              Object {
                "Ref": "AWS::Region",
              },
              "\\",\\"metrics\\":[[\\"AWS/ApiGateway\\",\\"5XXError\\",\\"ApiName\\",\\"ApigatewayMetrics_RestApi\\",\\"Stage\\",\\"",
              Object {
                "Ref": "RestApiDeploymentStagestg17ECB7F7",
              },
              "\\"]],\\"yAxis\\":{}}},{\\"type\\":\\"metric\\",\\"width\\":12,\\"height\\":6,\\"x\\":12,\\"y\\":12,\\"properties\\":{\\"view\\":\\"timeSeries\\",\\"title\\":\\"4XX\\",\\"region\\":\\"",
              Object {
                "Ref": "AWS::Region",
              },
              "\\",\\"metrics\\":[[\\"AWS/ApiGateway\\",\\"4XXError\\",\\"ApiName\\",\\"ApigatewayMetrics_RestApi\\",\\"Stage\\",\\"",
              Object {
                "Ref": "RestApiDeploymentStagestg17ECB7F7",
              },
              "\\"]],\\"yAxis\\":{}}},{\\"type\\":\\"metric\\",\\"width\\":8,\\"height\\":6,\\"x\\":0,\\"y\\":18,\\"properties\\":{\\"view\\":\\"timeSeries\\",\\"title\\":\\"Lambda Errors\\",\\"region\\":\\"",
              Object {
                "Ref": "AWS::Region",
              },
              "\\",\\"metrics\\":[[\\"AWS/Lambda\\",\\"Errors\\",\\"FunctionName\\",\\"",
              Object {
                "Ref": "LambdaD247545B",
              },
              "\\"]],\\"yAxis\\":{}}},{\\"type\\":\\"metric\\",\\"width\\":8,\\"height\\":6,\\"x\\":8,\\"y\\":18,\\"properties\\":{\\"view\\":\\"timeSeries\\",\\"title\\":\\"Lambda Throttles\\",\\"region\\":\\"",
              Object {
                "Ref": "AWS::Region",
              },
              "\\",\\"metrics\\":[[\\"AWS/Lambda\\",\\"Throttles\\",\\"FunctionName\\",\\"",
              Object {
                "Ref": "LambdaD247545B",
              },
              "\\"]],\\"yAxis\\":{}}},{\\"type\\":\\"metric\\",\\"width\\":8,\\"height\\":6,\\"x\\":16,\\"y\\":18,\\"properties\\":{\\"view\\":\\"timeSeries\\",\\"title\\":\\"Lambda 並列実行数\\",\\"region\\":\\"",
              Object {
                "Ref": "AWS::Region",
              },
              "\\",\\"metrics\\":[[\\"AWS/Lambda\\",\\"ConcurrentExecutions\\",\\"FunctionName\\",\\"",
              Object {
                "Ref": "LambdaD247545B",
              },
              "\\"]],\\"yAxis\\":{}}}]}",
            ],
          ],
        },
      },
      "Type": "AWS::CloudWatch::Dashboard",
    },
    "LambdaD247545B": Object {
      "DependsOn": Array [
        "LambdaServiceRoleDefaultPolicyDAE46E21",
        "LambdaServiceRoleA8ED4D3B",
      ],
      "Properties": Object {
        "Code": Object {
          "S3Bucket": Object {
            "Fn::Sub": "cdk-hnb659fds-assets-\${AWS::AccountId}-\${AWS::Region}",
          },
          "S3Key": "d6a38b19af35037e6638da84b692a79bdf45bdd919e17df9c5ec98daf13267b6.zip",
        },
        "Handler": "index.handler",
        "Role": Object {
          "Fn::GetAtt": Array [
            "LambdaServiceRoleA8ED4D3B",
            "Arn",
          ],
        },
        "Runtime": "nodejs12.x",
        "TracingConfig": Object {
          "Mode": "Active",
        },
      },
      "Type": "AWS::Lambda::Function",
    },
    "LambdaServiceRoleA8ED4D3B": Object {
      "Properties": Object {
        "AssumeRolePolicyDocument": Object {
          "Statement": Array [
            Object {
              "Action": "sts:AssumeRole",
              "Effect": "Allow",
              "Principal": Object {
                "Service": "lambda.amazonaws.com",
              },
            },
          ],
          "Version": "2012-10-17",
        },
        "ManagedPolicyArns": Array [
          Object {
            "Fn::Join": Array [
              "",
              Array [
                "arn:",
                Object {
                  "Ref": "AWS::Partition",
                },
                ":iam::aws:policy/service-role/AWSLambdaBasicExecutionRole",
              ],
            ],
          },
        ],
      },
      "Type": "AWS::IAM::Role",
    },
    "LambdaServiceRoleDefaultPolicyDAE46E21": Object {
      "Properties": Object {
        "PolicyDocument": Object {
          "Statement": Array [
            Object {
              "Action": Array [
                "xray:PutTraceSegments",
                "xray:PutTelemetryRecords",
              ],
              "Effect": "Allow",
              "Resource": "*",
            },
          ],
          "Version": "2012-10-17",
        },
        "PolicyName": "LambdaServiceRoleDefaultPolicyDAE46E21",
        "Roles": Array [
          Object {
            "Ref": "LambdaServiceRoleA8ED4D3B",
          },
        ],
      },
      "Type": "AWS::IAM::Policy",
    },
    "LambdaThrottle2898CC52": Object {
      "Properties": Object {
        "AlarmName": "Lambda_Throttle",
        "ComparisonOperator": "GreaterThanOrEqualToThreshold",
        "Dimensions": Array [
          Object {
            "Name": "FunctionName",
            "Value": Object {
              "Ref": "LambdaD247545B",
            },
          },
        ],
        "EvaluationPeriods": 1,
        "MetricName": "Throttles",
        "Namespace": "AWS/Lambda",
        "Period": 60,
        "Statistic": "Sum",
        "Threshold": 1,
      },
      "Type": "AWS::CloudWatch::Alarm",
    },
    "RestApi0C43BF4B": Object {
      "Properties": Object {
        "Name": "ApigatewayMetrics_RestApi",
      },
      "Type": "AWS::ApiGateway::RestApi",
    },
    "RestApiANYA7C1DC94": Object {
      "Properties": Object {
        "AuthorizationType": "NONE",
        "HttpMethod": "ANY",
        "Integration": Object {
          "IntegrationHttpMethod": "POST",
          "Type": "AWS_PROXY",
          "Uri": Object {
            "Fn::Join": Array [
              "",
              Array [
                "arn:",
                Object {
                  "Ref": "AWS::Partition",
                },
                ":apigateway:",
                Object {
                  "Ref": "AWS::Region",
                },
                ":lambda:path/2015-03-31/functions/",
                Object {
                  "Fn::GetAtt": Array [
                    "LambdaD247545B",
                    "Arn",
                  ],
                },
                "/invocations",
              ],
            ],
          },
        },
        "ResourceId": Object {
          "Fn::GetAtt": Array [
            "RestApi0C43BF4B",
            "RootResourceId",
          ],
        },
        "RestApiId": Object {
          "Ref": "RestApi0C43BF4B",
        },
      },
      "Type": "AWS::ApiGateway::Method",
    },
    "RestApiANYApiPermissionTargetRestApi40F169DEANY56A513BD": Object {
      "Properties": Object {
        "Action": "lambda:InvokeFunction",
        "FunctionName": Object {
          "Fn::GetAtt": Array [
            "LambdaD247545B",
            "Arn",
          ],
        },
        "Principal": "apigateway.amazonaws.com",
        "SourceArn": Object {
          "Fn::Join": Array [
            "",
            Array [
              "arn:",
              Object {
                "Ref": "AWS::Partition",
              },
              ":execute-api:",
              Object {
                "Ref": "AWS::Region",
              },
              ":",
              Object {
                "Ref": "AWS::AccountId",
              },
              ":",
              Object {
                "Ref": "RestApi0C43BF4B",
              },
              "/",
              Object {
                "Ref": "RestApiDeploymentStagestg17ECB7F7",
              },
              "/*/",
            ],
          ],
        },
      },
      "Type": "AWS::Lambda::Permission",
    },
    "RestApiANYApiPermissionTestTargetRestApi40F169DEANYA862A00B": Object {
      "Properties": Object {
        "Action": "lambda:InvokeFunction",
        "FunctionName": Object {
          "Fn::GetAtt": Array [
            "LambdaD247545B",
            "Arn",
          ],
        },
        "Principal": "apigateway.amazonaws.com",
        "SourceArn": Object {
          "Fn::Join": Array [
            "",
            Array [
              "arn:",
              Object {
                "Ref": "AWS::Partition",
              },
              ":execute-api:",
              Object {
                "Ref": "AWS::Region",
              },
              ":",
              Object {
                "Ref": "AWS::AccountId",
              },
              ":",
              Object {
                "Ref": "RestApi0C43BF4B",
              },
              "/test-invoke-stage/*/",
            ],
          ],
        },
      },
      "Type": "AWS::Lambda::Permission",
    },
    "RestApiAccount7C83CF5A": Object {
      "DependsOn": Array [
        "RestApi0C43BF4B",
      ],
      "Properties": Object {
        "CloudWatchRoleArn": Object {
          "Fn::GetAtt": Array [
            "RestApiCloudWatchRoleE3ED6605",
            "Arn",
          ],
        },
      },
      "Type": "AWS::ApiGateway::Account",
    },
    "RestApiCloudWatchRoleE3ED6605": Object {
      "Properties": Object {
        "AssumeRolePolicyDocument": Object {
          "Statement": Array [
            Object {
              "Action": "sts:AssumeRole",
              "Effect": "Allow",
              "Principal": Object {
                "Service": "apigateway.amazonaws.com",
              },
            },
          ],
          "Version": "2012-10-17",
        },
        "ManagedPolicyArns": Array [
          Object {
            "Fn::Join": Array [
              "",
              Array [
                "arn:",
                Object {
                  "Ref": "AWS::Partition",
                },
                ":iam::aws:policy/service-role/AmazonAPIGatewayPushToCloudWatchLogs",
              ],
            ],
          },
        ],
      },
      "Type": "AWS::IAM::Role",
    },
    "RestApiDeployment180EC5039dd474158dcee92b04e56bc2772205bb": Object {
      "DependsOn": Array [
        "RestApiproxyANY1786B242",
        "RestApiproxyC95856DD",
        "RestApiANYA7C1DC94",
      ],
      "Properties": Object {
        "Description": "Automatically created by the RestApi construct",
        "RestApiId": Object {
          "Ref": "RestApi0C43BF4B",
        },
      },
      "Type": "AWS::ApiGateway::Deployment",
    },
    "RestApiDeploymentStagestg17ECB7F7": Object {
      "Properties": Object {
        "DeploymentId": Object {
          "Ref": "RestApiDeployment180EC5039dd474158dcee92b04e56bc2772205bb",
        },
        "MethodSettings": Array [
          Object {
            "DataTraceEnabled": true,
            "HttpMethod": "*",
            "LoggingLevel": "INFO",
            "MetricsEnabled": true,
            "ResourcePath": "/*",
          },
        ],
        "RestApiId": Object {
          "Ref": "RestApi0C43BF4B",
        },
        "StageName": "stg",
        "TracingEnabled": true,
        "Variables": Object {
          "stageVariable": "It is value for testing stage variable.",
        },
      },
      "Type": "AWS::ApiGateway::Stage",
    },
    "RestApiproxyANY1786B242": Object {
      "Properties": Object {
        "AuthorizationType": "NONE",
        "HttpMethod": "ANY",
        "Integration": Object {
          "IntegrationHttpMethod": "POST",
          "Type": "AWS_PROXY",
          "Uri": Object {
            "Fn::Join": Array [
              "",
              Array [
                "arn:",
                Object {
                  "Ref": "AWS::Partition",
                },
                ":apigateway:",
                Object {
                  "Ref": "AWS::Region",
                },
                ":lambda:path/2015-03-31/functions/",
                Object {
                  "Fn::GetAtt": Array [
                    "LambdaD247545B",
                    "Arn",
                  ],
                },
                "/invocations",
              ],
            ],
          },
        },
        "ResourceId": Object {
          "Ref": "RestApiproxyC95856DD",
        },
        "RestApiId": Object {
          "Ref": "RestApi0C43BF4B",
        },
      },
      "Type": "AWS::ApiGateway::Method",
    },
    "RestApiproxyANYApiPermissionTargetRestApi40F169DEANYproxy632587EC": Object {
      "Properties": Object {
        "Action": "lambda:InvokeFunction",
        "FunctionName": Object {
          "Fn::GetAtt": Array [
            "LambdaD247545B",
            "Arn",
          ],
        },
        "Principal": "apigateway.amazonaws.com",
        "SourceArn": Object {
          "Fn::Join": Array [
            "",
            Array [
              "arn:",
              Object {
                "Ref": "AWS::Partition",
              },
              ":execute-api:",
              Object {
                "Ref": "AWS::Region",
              },
              ":",
              Object {
                "Ref": "AWS::AccountId",
              },
              ":",
              Object {
                "Ref": "RestApi0C43BF4B",
              },
              "/",
              Object {
                "Ref": "RestApiDeploymentStagestg17ECB7F7",
              },
              "/*/*",
            ],
          ],
        },
      },
      "Type": "AWS::Lambda::Permission",
    },
    "RestApiproxyANYApiPermissionTestTargetRestApi40F169DEANYproxyC61DD202": Object {
      "Properties": Object {
        "Action": "lambda:InvokeFunction",
        "FunctionName": Object {
          "Fn::GetAtt": Array [
            "LambdaD247545B",
            "Arn",
          ],
        },
        "Principal": "apigateway.amazonaws.com",
        "SourceArn": Object {
          "Fn::Join": Array [
            "",
            Array [
              "arn:",
              Object {
                "Ref": "AWS::Partition",
              },
              ":execute-api:",
              Object {
                "Ref": "AWS::Region",
              },
              ":",
              Object {
                "Ref": "AWS::AccountId",
              },
              ":",
              Object {
                "Ref": "RestApi0C43BF4B",
              },
              "/test-invoke-stage/*/*",
            ],
          ],
        },
      },
      "Type": "AWS::Lambda::Permission",
    },
    "RestApiproxyC95856DD": Object {
      "Properties": Object {
        "ParentId": Object {
          "Fn::GetAtt": Array [
            "RestApi0C43BF4B",
            "RootResourceId",
          ],
        },
        "PathPart": "{proxy+}",
        "RestApiId": Object {
          "Ref": "RestApi0C43BF4B",
        },
      },
      "Type": "AWS::ApiGateway::Resource",
    },
  },
}
`;
