// Jest Snapshot v1, https://goo.gl/fbAQLP

exports[`snapshot test 1`] = `
Object {
  "Resources": Object {
    "AdminGroupCD52047A": Object {
      "Properties": Object {
        "GroupName": "AdminGroup",
        "ManagedPolicyArns": Array [
          Object {
            "Fn::Join": Array [
              "",
              Array [
                "arn:",
                Object {
                  "Ref": "AWS::Partition",
                },
                ":iam::aws:policy/ReadOnlyAccess",
              ],
            ],
          },
          Object {
            "Ref": "MFAForcePolicyEAE0DFE4",
          },
        ],
      },
      "Type": "AWS::IAM::Group",
    },
    "AdminRole38563C57": Object {
      "Properties": Object {
        "AssumeRolePolicyDocument": Object {
          "Statement": Array [
            Object {
              "Action": "sts:AssumeRole",
              "Effect": "Allow",
              "Principal": Object {
                "AWS": Object {
                  "Fn::Join": Array [
                    "",
                    Array [
                      "arn:",
                      Object {
                        "Ref": "AWS::Partition",
                      },
                      ":iam::",
                      Object {
                        "Ref": "AWS::AccountId",
                      },
                      ":user/dummy",
                    ],
                  ],
                },
              },
            },
          ],
          "Version": "2012-10-17",
        },
        "ManagedPolicyArns": Array [
          Object {
            "Fn::Join": Array [
              "",
              Array [
                "arn:",
                Object {
                  "Ref": "AWS::Partition",
                },
                ":iam::aws:policy/AdministratorAccess",
              ],
            ],
          },
        ],
        "RoleName": "AdminRole",
      },
      "Type": "AWS::IAM::Role",
    },
    "MFAForcePolicyEAE0DFE4": Object {
      "Properties": Object {
        "Description": "",
        "ManagedPolicyName": "MFAForcePolicy",
        "Path": "/",
        "PolicyDocument": Object {
          "Statement": Array [
            Object {
              "Condition": Object {
                "BoolIfExists": Object {
                  "aws:MultiFactorAuthPresent": "false",
                },
              },
              "Effect": "Deny",
              "NotAction": "iam:*",
              "Resource": "*",
            },
            Object {
              "Action": Array [
                "iam:ListUsers",
                "iam:ListVirtualMFADevices",
              ],
              "Effect": "Allow",
              "Resource": "*",
            },
          ],
          "Version": "2012-10-17",
        },
      },
      "Type": "AWS::IAM::ManagedPolicy",
    },
    "dummyGroup0": Object {
      "Properties": Object {
        "GroupName": Object {
          "Ref": "AdminGroupCD52047A",
        },
        "Users": Array [
          "dummy",
        ],
      },
      "Type": "AWS::IAM::UserToGroupAddition",
    },
  },
}
`;
