// Jest Snapshot v1, https://goo.gl/fbAQLP

exports[`snapshot test 1`] = `
Object {
  "Resources": Object {
    "Alarm7103F465": Object {
      "Properties": Object {
        "AlarmActions": Array [
          Object {
            "Ref": "TopicBFC7AF6E",
          },
        ],
        "AlarmDescription": "https://docs.aws.amazon.com/securityhub/latest/userguide/securityhub-cis-controls.html#securityhub-standards-cis-controls-1.1",
        "AlarmName": "CIS-1.1-RootAccountUsage",
        "ComparisonOperator": "GreaterThanOrEqualToThreshold",
        "EvaluationPeriods": 1,
        "MetricName": "UsedRootAccount",
        "Namespace": "LogMetrics",
        "Period": 300,
        "Statistic": "Average",
        "Threshold": 1,
      },
      "Type": "AWS::CloudWatch::Alarm",
    },
    "MetricFilter1B93B6E5": Object {
      "Properties": Object {
        "FilterPattern": "{$.userIdentity.type=\\"Root\\" && $.userIdentity.invokedBy NOT EXISTS && $.eventType !=\\"AwsServiceEvent\\"}",
        "LogGroupName": Object {
          "Fn::ImportValue": "testStack:ExportsOutputReftestLogGroupC4BB93F49A987202",
        },
        "MetricTransformations": Array [
          Object {
            "MetricName": "UsedRootAccount",
            "MetricNamespace": "LogMetrics",
            "MetricValue": "1",
          },
        ],
      },
      "Type": "AWS::Logs::MetricFilter",
    },
    "TopicBFC7AF6E": Object {
      "Type": "AWS::SNS::Topic",
    },
  },
}
`;
