// Jest Snapshot v1, https://goo.gl/fbAQLP

exports[`snapshot test 1`] = `
Object {
  "Resources": Object {
    "CloudTrailA62D711D": Object {
      "DependsOn": Array [
        "CloudTrailLogsRoleDefaultPolicyD9019B15",
        "CloudTrailLogsRole9F6E6663",
        "CloudTrailBucketPolicy2A856177",
      ],
      "Properties": Object {
        "CloudWatchLogsLogGroupArn": Object {
          "Fn::GetAtt": Array [
            "CloudTrailLogGroup343A29D6",
            "Arn",
          ],
        },
        "CloudWatchLogsRoleArn": Object {
          "Fn::GetAtt": Array [
            "CloudTrailLogsRole9F6E6663",
            "Arn",
          ],
        },
        "EnableLogFileValidation": true,
        "EventSelectors": Array [
          Object {
            "IncludeManagementEvents": true,
            "ReadWriteType": "All",
          },
        ],
        "IncludeGlobalServiceEvents": true,
        "IsLogging": true,
        "IsMultiRegionTrail": true,
        "KMSKeyId": Object {
          "Fn::GetAtt": Array [
            "KmsKey46693ADD",
            "Arn",
          ],
        },
        "S3BucketName": Object {
          "Ref": "CloudTrailBucket98B0BFE1",
        },
      },
      "Type": "AWS::CloudTrail::Trail",
    },
    "CloudTrailBucket98B0BFE1": Object {
      "DeletionPolicy": "Delete",
      "Properties": Object {
        "BucketEncryption": Object {
          "ServerSideEncryptionConfiguration": Array [
            Object {
              "ServerSideEncryptionByDefault": Object {
                "KMSMasterKeyID": Object {
                  "Fn::GetAtt": Array [
                    "KmsKey46693ADD",
                    "Arn",
                  ],
                },
                "SSEAlgorithm": "aws:kms",
              },
            },
          ],
        },
        "LoggingConfiguration": Object {
          "DestinationBucketName": Object {
            "Ref": "CloudTrailBucketAccessLogBucket2C140369",
          },
        },
      },
      "Type": "AWS::S3::Bucket",
      "UpdateReplacePolicy": "Delete",
    },
    "CloudTrailBucketAccessLogBucket2C140369": Object {
      "DeletionPolicy": "Delete",
      "Properties": Object {
        "AccessControl": "LogDeliveryWrite",
        "BucketEncryption": Object {
          "ServerSideEncryptionConfiguration": Array [
            Object {
              "ServerSideEncryptionByDefault": Object {
                "KMSMasterKeyID": Object {
                  "Fn::GetAtt": Array [
                    "KmsKey46693ADD",
                    "Arn",
                  ],
                },
                "SSEAlgorithm": "aws:kms",
              },
            },
          ],
        },
      },
      "Type": "AWS::S3::Bucket",
      "UpdateReplacePolicy": "Delete",
    },
    "CloudTrailBucketPolicy2A856177": Object {
      "Properties": Object {
        "Bucket": Object {
          "Ref": "CloudTrailBucket98B0BFE1",
        },
        "PolicyDocument": Object {
          "Statement": Array [
            Object {
              "Action": "s3:GetBucketAcl",
              "Effect": "Allow",
              "Principal": Object {
                "Service": "cloudtrail.amazonaws.com",
              },
              "Resource": Object {
                "Fn::GetAtt": Array [
                  "CloudTrailBucket98B0BFE1",
                  "Arn",
                ],
              },
            },
            Object {
              "Action": "s3:PutObject",
              "Condition": Object {
                "StringEquals": Object {
                  "s3:x-amz-acl": "bucket-owner-full-control",
                },
              },
              "Effect": "Allow",
              "Principal": Object {
                "Service": "cloudtrail.amazonaws.com",
              },
              "Resource": Object {
                "Fn::Join": Array [
                  "",
                  Array [
                    Object {
                      "Fn::GetAtt": Array [
                        "CloudTrailBucket98B0BFE1",
                        "Arn",
                      ],
                    },
                    "/AWSLogs/",
                    Object {
                      "Ref": "AWS::AccountId",
                    },
                    "/*",
                  ],
                ],
              },
            },
          ],
          "Version": "2012-10-17",
        },
      },
      "Type": "AWS::S3::BucketPolicy",
    },
    "CloudTrailLogGroup343A29D6": Object {
      "DeletionPolicy": "Retain",
      "Properties": Object {
        "RetentionInDays": 90,
      },
      "Type": "AWS::Logs::LogGroup",
      "UpdateReplacePolicy": "Retain",
    },
    "CloudTrailLogsRole9F6E6663": Object {
      "Properties": Object {
        "AssumeRolePolicyDocument": Object {
          "Statement": Array [
            Object {
              "Action": "sts:AssumeRole",
              "Effect": "Allow",
              "Principal": Object {
                "Service": "cloudtrail.amazonaws.com",
              },
            },
          ],
          "Version": "2012-10-17",
        },
      },
      "Type": "AWS::IAM::Role",
    },
    "CloudTrailLogsRoleDefaultPolicyD9019B15": Object {
      "Properties": Object {
        "PolicyDocument": Object {
          "Statement": Array [
            Object {
              "Action": Array [
                "logs:PutLogEvents",
                "logs:CreateLogStream",
              ],
              "Effect": "Allow",
              "Resource": Object {
                "Fn::GetAtt": Array [
                  "CloudTrailLogGroup343A29D6",
                  "Arn",
                ],
              },
            },
          ],
          "Version": "2012-10-17",
        },
        "PolicyName": "CloudTrailLogsRoleDefaultPolicyD9019B15",
        "Roles": Array [
          Object {
            "Ref": "CloudTrailLogsRole9F6E6663",
          },
        ],
      },
      "Type": "AWS::IAM::Policy",
    },
    "KmsKey46693ADD": Object {
      "DeletionPolicy": "Delete",
      "Properties": Object {
        "Description": "For CloudTrail Storage Encryption",
        "EnableKeyRotation": true,
        "KeyPolicy": Object {
          "Statement": Array [
            Object {
              "Action": Array [
                "kms:Create*",
                "kms:Describe*",
                "kms:Enable*",
                "kms:List*",
                "kms:Put*",
                "kms:Update*",
                "kms:Revoke*",
                "kms:Disable*",
                "kms:Get*",
                "kms:Delete*",
                "kms:ScheduleKeyDeletion",
                "kms:CancelKeyDeletion",
                "kms:GenerateDataKey",
                "kms:TagResource",
                "kms:UntagResource",
              ],
              "Effect": "Allow",
              "Principal": Object {
                "AWS": Object {
                  "Fn::Join": Array [
                    "",
                    Array [
                      "arn:",
                      Object {
                        "Ref": "AWS::Partition",
                      },
                      ":iam::",
                      Object {
                        "Ref": "AWS::AccountId",
                      },
                      ":root",
                    ],
                  ],
                },
              },
              "Resource": "*",
            },
            Object {
              "Action": Array [
                "kms:Encrypt",
                "kms:ReEncrypt*",
                "kms:GenerateDataKey*",
              ],
              "Effect": "Allow",
              "Principal": Object {
                "Service": "cloudtrail.amazonaws.com",
              },
              "Resource": "*",
            },
          ],
          "Version": "2012-10-17",
        },
      },
      "Type": "AWS::KMS::Key",
      "UpdateReplacePolicy": "Delete",
    },
    "KmsKeyAlias4465D710": Object {
      "Properties": Object {
        "AliasName": "alias/for-cloud-trail-storage-encryption",
        "TargetKeyId": Object {
          "Fn::GetAtt": Array [
            "KmsKey46693ADD",
            "Arn",
          ],
        },
      },
      "Type": "AWS::KMS::Alias",
    },
  },
}
`;
