// Jest Snapshot v1, https://goo.gl/fbAQLP

exports[`snapshot test 1`] = `
Object {
  "Resources": Object {
    "AccessKeysRotatedF52C0526": Object {
      "DependsOn": Array [
        "ConfigurationRecorder",
      ],
      "Properties": Object {
        "InputParameters": Object {
          "maxAccessKeyAge": 90,
        },
        "Source": Object {
          "Owner": "AWS",
          "SourceIdentifier": "ACCESS_KEYS_ROTATED",
        },
      },
      "Type": "AWS::Config::ConfigRule",
    },
    "ConfigBucket2112C5EC": Object {
      "DeletionPolicy": "Delete",
      "Properties": Object {
        "BucketEncryption": Object {
          "ServerSideEncryptionConfiguration": Array [
            Object {
              "ServerSideEncryptionByDefault": Object {
                "SSEAlgorithm": "AES256",
              },
            },
          ],
        },
      },
      "Type": "AWS::S3::Bucket",
      "UpdateReplacePolicy": "Delete",
    },
    "ConfigBucketPolicy6D5E90FF": Object {
      "Properties": Object {
        "Bucket": Object {
          "Ref": "ConfigBucket2112C5EC",
        },
        "PolicyDocument": Object {
          "Statement": Array [
            Object {
              "Action": "s3:*",
              "Condition": Object {
                "Bool": Object {
                  "aws:SecureTransport": "false",
                },
              },
              "Effect": "Deny",
              "Principal": "*",
              "Resource": Array [
                Object {
                  "Fn::GetAtt": Array [
                    "ConfigBucket2112C5EC",
                    "Arn",
                  ],
                },
                Object {
                  "Fn::Join": Array [
                    "",
                    Array [
                      Object {
                        "Fn::GetAtt": Array [
                          "ConfigBucket2112C5EC",
                          "Arn",
                        ],
                      },
                      "/*",
                    ],
                  ],
                },
              ],
              "Sid": "AllowSSLRequestsOnly",
            },
          ],
          "Version": "2012-10-17",
        },
      },
      "Type": "AWS::S3::BucketPolicy",
    },
    "ConfigRoleF94F46B6": Object {
      "Properties": Object {
        "AssumeRolePolicyDocument": Object {
          "Statement": Array [
            Object {
              "Action": "sts:AssumeRole",
              "Effect": "Allow",
              "Principal": Object {
                "Service": "config.amazonaws.com",
              },
            },
          ],
          "Version": "2012-10-17",
        },
        "ManagedPolicyArns": Array [
          Object {
            "Fn::Join": Array [
              "",
              Array [
                "arn:",
                Object {
                  "Ref": "AWS::Partition",
                },
                ":iam::aws:policy/service-role/AWSConfigRole",
              ],
            ],
          },
        ],
        "Policies": Array [
          Object {
            "PolicyDocument": Object {
              "Statement": Array [
                Object {
                  "Action": "config:Put*",
                  "Effect": "Allow",
                  "Resource": "*",
                },
                Object {
                  "Action": "s3:*",
                  "Effect": "Allow",
                  "Resource": "*",
                },
              ],
              "Version": "2012-10-17",
            },
            "PolicyName": "ExternalSecretsPolicy",
          },
        ],
      },
      "Type": "AWS::IAM::Role",
    },
    "ConfigTopic69F807B3": Object {
      "Type": "AWS::SNS::Topic",
    },
    "ConfigurationRecorder": Object {
      "Properties": Object {
        "RecordingGroup": Object {
          "AllSupported": true,
          "IncludeGlobalResourceTypes": true,
          "ResourceTypes": Array [],
        },
        "RoleARN": Object {
          "Fn::GetAtt": Array [
            "ConfigRoleF94F46B6",
            "Arn",
          ],
        },
      },
      "Type": "AWS::Config::ConfigurationRecorder",
    },
    "DeliveryChannel": Object {
      "Properties": Object {
        "ConfigSnapshotDeliveryProperties": Object {
          "DeliveryFrequency": "Six_Hours",
        },
        "S3BucketName": Object {
          "Ref": "ConfigBucket2112C5EC",
        },
        "S3KeyPrefix": "delivery",
        "SnsTopicARN": Object {
          "Ref": "ConfigTopic69F807B3",
        },
      },
      "Type": "AWS::Config::DeliveryChannel",
    },
    "ManagedRuleACCOUNTPARTOFORGANIZATIONS801F15C6": Object {
      "DependsOn": Array [
        "ConfigurationRecorder",
      ],
      "Properties": Object {
        "Source": Object {
          "Owner": "AWS",
          "SourceIdentifier": "ACCOUNT_PART_OF_ORGANIZATIONS",
        },
      },
      "Type": "AWS::Config::ConfigRule",
    },
    "ManagedRuleACMCERTIFICATEEXPIRATIONCHECKDF91D7D4": Object {
      "DependsOn": Array [
        "ConfigurationRecorder",
      ],
      "Properties": Object {
        "Source": Object {
          "Owner": "AWS",
          "SourceIdentifier": "ACM_CERTIFICATE_EXPIRATION_CHECK",
        },
      },
      "Type": "AWS::Config::ConfigRule",
    },
    "ManagedRuleALBHTTPDROPINVALIDHEADERENABLED7E430CFB": Object {
      "DependsOn": Array [
        "ConfigurationRecorder",
      ],
      "Properties": Object {
        "Source": Object {
          "Owner": "AWS",
          "SourceIdentifier": "ALB_HTTP_DROP_INVALID_HEADER_ENABLED",
        },
      },
      "Type": "AWS::Config::ConfigRule",
    },
    "ManagedRuleALBHTTPTOHTTPSREDIRECTIONCHECK4975B44D": Object {
      "DependsOn": Array [
        "ConfigurationRecorder",
      ],
      "Properties": Object {
        "Source": Object {
          "Owner": "AWS",
          "SourceIdentifier": "ALB_HTTP_TO_HTTPS_REDIRECTION_CHECK",
        },
      },
      "Type": "AWS::Config::ConfigRule",
    },
    "ManagedRuleALBWAFENABLED5F46BB25": Object {
      "DependsOn": Array [
        "ConfigurationRecorder",
      ],
      "Properties": Object {
        "Source": Object {
          "Owner": "AWS",
          "SourceIdentifier": "ALB_WAF_ENABLED",
        },
      },
      "Type": "AWS::Config::ConfigRule",
    },
    "ManagedRuleAPIGWCACHEENABLEDANDENCRYPTED29A29FD9": Object {
      "DependsOn": Array [
        "ConfigurationRecorder",
      ],
      "Properties": Object {
        "Source": Object {
          "Owner": "AWS",
          "SourceIdentifier": "API_GW_CACHE_ENABLED_AND_ENCRYPTED",
        },
      },
      "Type": "AWS::Config::ConfigRule",
    },
    "ManagedRuleAPIGWEXECUTIONLOGGINGENABLED7F7A609A": Object {
      "DependsOn": Array [
        "ConfigurationRecorder",
      ],
      "Properties": Object {
        "Source": Object {
          "Owner": "AWS",
          "SourceIdentifier": "API_GW_EXECUTION_LOGGING_ENABLED",
        },
      },
      "Type": "AWS::Config::ConfigRule",
    },
    "ManagedRuleAUTOSCALINGGROUPELBHEALTHCHECKREQUIREDA3128CC8": Object {
      "DependsOn": Array [
        "ConfigurationRecorder",
      ],
      "Properties": Object {
        "Source": Object {
          "Owner": "AWS",
          "SourceIdentifier": "AUTOSCALING_GROUP_ELB_HEALTHCHECK_REQUIRED",
        },
      },
      "Type": "AWS::Config::ConfigRule",
    },
    "ManagedRuleCLOUDFORMATIONSTACKNOTIFICATIONCHECKA7E1E935": Object {
      "DependsOn": Array [
        "ConfigurationRecorder",
      ],
      "Properties": Object {
        "Source": Object {
          "Owner": "AWS",
          "SourceIdentifier": "CLOUDFORMATION_STACK_NOTIFICATION_CHECK",
        },
      },
      "Type": "AWS::Config::ConfigRule",
    },
    "ManagedRuleCLOUDTRAILCLOUDWATCHLOGSENABLED4491908A": Object {
      "DependsOn": Array [
        "ConfigurationRecorder",
      ],
      "Properties": Object {
        "Source": Object {
          "Owner": "AWS",
          "SourceIdentifier": "CLOUD_TRAIL_CLOUD_WATCH_LOGS_ENABLED",
        },
      },
      "Type": "AWS::Config::ConfigRule",
    },
    "ManagedRuleCLOUDTRAILENABLED65B67080": Object {
      "DependsOn": Array [
        "ConfigurationRecorder",
      ],
      "Properties": Object {
        "Source": Object {
          "Owner": "AWS",
          "SourceIdentifier": "CLOUD_TRAIL_ENABLED",
        },
      },
      "Type": "AWS::Config::ConfigRule",
    },
    "ManagedRuleCLOUDTRAILENCRYPTIONENABLED493BF905": Object {
      "DependsOn": Array [
        "ConfigurationRecorder",
      ],
      "Properties": Object {
        "Source": Object {
          "Owner": "AWS",
          "SourceIdentifier": "CLOUD_TRAIL_ENCRYPTION_ENABLED",
        },
      },
      "Type": "AWS::Config::ConfigRule",
    },
    "ManagedRuleCLOUDTRAILLOGFILEVALIDATIONENABLEDC648B90B": Object {
      "DependsOn": Array [
        "ConfigurationRecorder",
      ],
      "Properties": Object {
        "Source": Object {
          "Owner": "AWS",
          "SourceIdentifier": "CLOUD_TRAIL_LOG_FILE_VALIDATION_ENABLED",
        },
      },
      "Type": "AWS::Config::ConfigRule",
    },
    "ManagedRuleCLOUDTRAILS3DATAEVENTSENABLED0FE4AD63": Object {
      "DependsOn": Array [
        "ConfigurationRecorder",
      ],
      "Properties": Object {
        "Source": Object {
          "Owner": "AWS",
          "SourceIdentifier": "CLOUDTRAIL_S3_DATAEVENTS_ENABLED",
        },
      },
      "Type": "AWS::Config::ConfigRule",
    },
    "ManagedRuleCLOUDTRAILSECURITYTRAILENABLED291E61D5": Object {
      "DependsOn": Array [
        "ConfigurationRecorder",
      ],
      "Properties": Object {
        "Source": Object {
          "Owner": "AWS",
          "SourceIdentifier": "CLOUDTRAIL_SECURITY_TRAIL_ENABLED",
        },
      },
      "Type": "AWS::Config::ConfigRule",
    },
    "ManagedRuleCLOUDWATCHLOGGROUPENCRYPTED84F2A184": Object {
      "DependsOn": Array [
        "ConfigurationRecorder",
      ],
      "Properties": Object {
        "Source": Object {
          "Owner": "AWS",
          "SourceIdentifier": "CLOUDWATCH_LOG_GROUP_ENCRYPTED",
        },
      },
      "Type": "AWS::Config::ConfigRule",
    },
    "ManagedRuleCMKBACKINGKEYROTATIONENABLEDED25CA63": Object {
      "DependsOn": Array [
        "ConfigurationRecorder",
      ],
      "Properties": Object {
        "Source": Object {
          "Owner": "AWS",
          "SourceIdentifier": "CMK_BACKING_KEY_ROTATION_ENABLED",
        },
      },
      "Type": "AWS::Config::ConfigRule",
    },
    "ManagedRuleCODEBUILDPROJECTENVVARAWSCREDCHECKB5404CCE": Object {
      "DependsOn": Array [
        "ConfigurationRecorder",
      ],
      "Properties": Object {
        "Source": Object {
          "Owner": "AWS",
          "SourceIdentifier": "CODEBUILD_PROJECT_ENVVAR_AWSCRED_CHECK",
        },
      },
      "Type": "AWS::Config::ConfigRule",
    },
    "ManagedRuleCODEBUILDPROJECTSOURCEREPOURLCHECK149BA697": Object {
      "DependsOn": Array [
        "ConfigurationRecorder",
      ],
      "Properties": Object {
        "Source": Object {
          "Owner": "AWS",
          "SourceIdentifier": "CODEBUILD_PROJECT_SOURCE_REPO_URL_CHECK",
        },
      },
      "Type": "AWS::Config::ConfigRule",
    },
    "ManagedRuleCODEPIPELINEDEPLOYMENTCOUNTCHECK801E8E90": Object {
      "DependsOn": Array [
        "ConfigurationRecorder",
      ],
      "Properties": Object {
        "Source": Object {
          "Owner": "AWS",
          "SourceIdentifier": "CODEPIPELINE_DEPLOYMENT_COUNT_CHECK",
        },
      },
      "Type": "AWS::Config::ConfigRule",
    },
    "ManagedRuleCODEPIPELINEREGIONFANOUTCHECK14DC4514": Object {
      "DependsOn": Array [
        "ConfigurationRecorder",
      ],
      "Properties": Object {
        "Source": Object {
          "Owner": "AWS",
          "SourceIdentifier": "CODEPIPELINE_REGION_FANOUT_CHECK",
        },
      },
      "Type": "AWS::Config::ConfigRule",
    },
    "ManagedRuleCWLOGGROUPRETENTIONPERIODCHECK2FC82C29": Object {
      "DependsOn": Array [
        "ConfigurationRecorder",
      ],
      "Properties": Object {
        "Source": Object {
          "Owner": "AWS",
          "SourceIdentifier": "CW_LOGGROUP_RETENTION_PERIOD_CHECK",
        },
      },
      "Type": "AWS::Config::ConfigRule",
    },
    "ManagedRuleDAXENCRYPTIONENABLEDD7137593": Object {
      "DependsOn": Array [
        "ConfigurationRecorder",
      ],
      "Properties": Object {
        "Source": Object {
          "Owner": "AWS",
          "SourceIdentifier": "DAX_ENCRYPTION_ENABLED",
        },
      },
      "Type": "AWS::Config::ConfigRule",
    },
    "ManagedRuleDBINSTANCEBACKUPENABLEDC43D447E": Object {
      "DependsOn": Array [
        "ConfigurationRecorder",
      ],
      "Properties": Object {
        "Source": Object {
          "Owner": "AWS",
          "SourceIdentifier": "DB_INSTANCE_BACKUP_ENABLED",
        },
      },
      "Type": "AWS::Config::ConfigRule",
    },
    "ManagedRuleDMSREPLICATIONNOTPUBLIC4131395F": Object {
      "DependsOn": Array [
        "ConfigurationRecorder",
      ],
      "Properties": Object {
        "Source": Object {
          "Owner": "AWS",
          "SourceIdentifier": "DMS_REPLICATION_NOT_PUBLIC",
        },
      },
      "Type": "AWS::Config::ConfigRule",
    },
    "ManagedRuleDYNAMODBAUTOSCALINGENABLED88C73D53": Object {
      "DependsOn": Array [
        "ConfigurationRecorder",
      ],
      "Properties": Object {
        "Source": Object {
          "Owner": "AWS",
          "SourceIdentifier": "DYNAMODB_AUTOSCALING_ENABLED",
        },
      },
      "Type": "AWS::Config::ConfigRule",
    },
    "ManagedRuleDYNAMODBINBACKUPPLANECCCFC5B": Object {
      "DependsOn": Array [
        "ConfigurationRecorder",
      ],
      "Properties": Object {
        "Source": Object {
          "Owner": "AWS",
          "SourceIdentifier": "DYNAMODB_IN_BACKUP_PLAN",
        },
      },
      "Type": "AWS::Config::ConfigRule",
    },
    "ManagedRuleDYNAMODBPITRENABLED9DA7D823": Object {
      "DependsOn": Array [
        "ConfigurationRecorder",
      ],
      "Properties": Object {
        "Source": Object {
          "Owner": "AWS",
          "SourceIdentifier": "DYNAMODB_PITR_ENABLED",
        },
      },
      "Type": "AWS::Config::ConfigRule",
    },
    "ManagedRuleDYNAMODBTABLEENCRYPTEDKMS74B0A76C": Object {
      "DependsOn": Array [
        "ConfigurationRecorder",
      ],
      "Properties": Object {
        "Source": Object {
          "Owner": "AWS",
          "SourceIdentifier": "DYNAMODB_TABLE_ENCRYPTED_KMS",
        },
      },
      "Type": "AWS::Config::ConfigRule",
    },
    "ManagedRuleDYNAMODBTABLEENCRYPTIONENABLEDDCEE6D1A": Object {
      "DependsOn": Array [
        "ConfigurationRecorder",
      ],
      "Properties": Object {
        "Source": Object {
          "Owner": "AWS",
          "SourceIdentifier": "DYNAMODB_TABLE_ENCRYPTION_ENABLED",
        },
      },
      "Type": "AWS::Config::ConfigRule",
    },
    "ManagedRuleDYNAMODBTHROUGHPUTLIMITCHECKE09E8D19": Object {
      "DependsOn": Array [
        "ConfigurationRecorder",
      ],
      "Properties": Object {
        "Source": Object {
          "Owner": "AWS",
          "SourceIdentifier": "DYNAMODB_THROUGHPUT_LIMIT_CHECK",
        },
      },
      "Type": "AWS::Config::ConfigRule",
    },
    "ManagedRuleEBSINBACKUPPLAN74BE95A3": Object {
      "DependsOn": Array [
        "ConfigurationRecorder",
      ],
      "Properties": Object {
        "Source": Object {
          "Owner": "AWS",
          "SourceIdentifier": "EBS_IN_BACKUP_PLAN",
        },
      },
      "Type": "AWS::Config::ConfigRule",
    },
    "ManagedRuleEBSOPTIMIZEDINSTANCE0A4362DC": Object {
      "DependsOn": Array [
        "ConfigurationRecorder",
      ],
      "Properties": Object {
        "Source": Object {
          "Owner": "AWS",
          "SourceIdentifier": "EBS_OPTIMIZED_INSTANCE",
        },
      },
      "Type": "AWS::Config::ConfigRule",
    },
    "ManagedRuleEBSSNAPSHOTPUBLICRESTORABLECHECK708202B1": Object {
      "DependsOn": Array [
        "ConfigurationRecorder",
      ],
      "Properties": Object {
        "Source": Object {
          "Owner": "AWS",
          "SourceIdentifier": "EBS_SNAPSHOT_PUBLIC_RESTORABLE_CHECK",
        },
      },
      "Type": "AWS::Config::ConfigRule",
    },
    "ManagedRuleEC2EBSENCRYPTIONBYDEFAULTE60B5A10": Object {
      "DependsOn": Array [
        "ConfigurationRecorder",
      ],
      "Properties": Object {
        "Source": Object {
          "Owner": "AWS",
          "SourceIdentifier": "EC2_EBS_ENCRYPTION_BY_DEFAULT",
        },
      },
      "Type": "AWS::Config::ConfigRule",
    },
    "ManagedRuleEC2IMDSV2CHECK2118D039": Object {
      "DependsOn": Array [
        "ConfigurationRecorder",
      ],
      "Properties": Object {
        "Source": Object {
          "Owner": "AWS",
          "SourceIdentifier": "EC2_IMDSV2_CHECK",
        },
      },
      "Type": "AWS::Config::ConfigRule",
    },
    "ManagedRuleEC2INSTANCEDETAILEDMONITORINGENABLED92458A3D": Object {
      "DependsOn": Array [
        "ConfigurationRecorder",
      ],
      "Properties": Object {
        "Source": Object {
          "Owner": "AWS",
          "SourceIdentifier": "EC2_INSTANCE_DETAILED_MONITORING_ENABLED",
        },
      },
      "Type": "AWS::Config::ConfigRule",
    },
    "ManagedRuleEC2INSTANCEMANAGEDBYSSMD3F98110": Object {
      "DependsOn": Array [
        "ConfigurationRecorder",
      ],
      "Properties": Object {
        "Source": Object {
          "Owner": "AWS",
          "SourceIdentifier": "EC2_INSTANCE_MANAGED_BY_SSM",
        },
      },
      "Type": "AWS::Config::ConfigRule",
    },
    "ManagedRuleEC2INSTANCENOPUBLICIPEE54C17C": Object {
      "DependsOn": Array [
        "ConfigurationRecorder",
      ],
      "Properties": Object {
        "Source": Object {
          "Owner": "AWS",
          "SourceIdentifier": "EC2_INSTANCE_NO_PUBLIC_IP",
        },
      },
      "Type": "AWS::Config::ConfigRule",
    },
    "ManagedRuleEC2MANAGEDINSTANCEASSOCIATIONCOMPLIANCESTATUSCHECK7B6D4A1F": Object {
      "DependsOn": Array [
        "ConfigurationRecorder",
      ],
      "Properties": Object {
        "Source": Object {
          "Owner": "AWS",
          "SourceIdentifier": "EC2_MANAGEDINSTANCE_ASSOCIATION_COMPLIANCE_STATUS_CHECK",
        },
      },
      "Type": "AWS::Config::ConfigRule",
    },
    "ManagedRuleEC2MANAGEDINSTANCEPATCHCOMPLIANCESTATUSCHECK7D8429A2": Object {
      "DependsOn": Array [
        "ConfigurationRecorder",
      ],
      "Properties": Object {
        "Source": Object {
          "Owner": "AWS",
          "SourceIdentifier": "EC2_MANAGEDINSTANCE_PATCH_COMPLIANCE_STATUS_CHECK",
        },
      },
      "Type": "AWS::Config::ConfigRule",
    },
    "ManagedRuleEC2SECURITYGROUPATTACHEDTOENI5513FC24": Object {
      "DependsOn": Array [
        "ConfigurationRecorder",
      ],
      "Properties": Object {
        "Source": Object {
          "Owner": "AWS",
          "SourceIdentifier": "EC2_SECURITY_GROUP_ATTACHED_TO_ENI",
        },
      },
      "Type": "AWS::Config::ConfigRule",
    },
    "ManagedRuleEC2STOPPEDINSTANCE9B3B3A7D": Object {
      "DependsOn": Array [
        "ConfigurationRecorder",
      ],
      "Properties": Object {
        "Source": Object {
          "Owner": "AWS",
          "SourceIdentifier": "EC2_STOPPED_INSTANCE",
        },
      },
      "Type": "AWS::Config::ConfigRule",
    },
    "ManagedRuleEC2VOLUMEINUSECHECKA9BD4223": Object {
      "DependsOn": Array [
        "ConfigurationRecorder",
      ],
      "Properties": Object {
        "Source": Object {
          "Owner": "AWS",
          "SourceIdentifier": "EC2_VOLUME_INUSE_CHECK",
        },
      },
      "Type": "AWS::Config::ConfigRule",
    },
    "ManagedRuleEFSENCRYPTEDCHECK3FC7B0DA": Object {
      "DependsOn": Array [
        "ConfigurationRecorder",
      ],
      "Properties": Object {
        "Source": Object {
          "Owner": "AWS",
          "SourceIdentifier": "EFS_ENCRYPTED_CHECK",
        },
      },
      "Type": "AWS::Config::ConfigRule",
    },
    "ManagedRuleEFSINBACKUPPLANEFE06BBF": Object {
      "DependsOn": Array [
        "ConfigurationRecorder",
      ],
      "Properties": Object {
        "Source": Object {
          "Owner": "AWS",
          "SourceIdentifier": "EFS_IN_BACKUP_PLAN",
        },
      },
      "Type": "AWS::Config::ConfigRule",
    },
    "ManagedRuleEIPATTACHED7A3E8C21": Object {
      "DependsOn": Array [
        "ConfigurationRecorder",
      ],
      "Properties": Object {
        "Source": Object {
          "Owner": "AWS",
          "SourceIdentifier": "EIP_ATTACHED",
        },
      },
      "Type": "AWS::Config::ConfigRule",
    },
    "ManagedRuleEKSENDPOINTNOPUBLICACCESS07BBD096": Object {
      "DependsOn": Array [
        "ConfigurationRecorder",
      ],
      "Properties": Object {
        "Source": Object {
          "Owner": "AWS",
          "SourceIdentifier": "EKS_ENDPOINT_NO_PUBLIC_ACCESS",
        },
      },
      "Type": "AWS::Config::ConfigRule",
    },
    "ManagedRuleEKSSECRETSENCRYPTED8EAF4DBF": Object {
      "DependsOn": Array [
        "ConfigurationRecorder",
      ],
      "Properties": Object {
        "Source": Object {
          "Owner": "AWS",
          "SourceIdentifier": "EKS_SECRETS_ENCRYPTED",
        },
      },
      "Type": "AWS::Config::ConfigRule",
    },
    "ManagedRuleELASTICACHEREDISCLUSTERAUTOMATICBACKUPCHECKE16663D4": Object {
      "DependsOn": Array [
        "ConfigurationRecorder",
      ],
      "Properties": Object {
        "Source": Object {
          "Owner": "AWS",
          "SourceIdentifier": "ELASTICACHE_REDIS_CLUSTER_AUTOMATIC_BACKUP_CHECK",
        },
      },
      "Type": "AWS::Config::ConfigRule",
    },
    "ManagedRuleELASTICSEARCHENCRYPTEDATREST6D4056FC": Object {
      "DependsOn": Array [
        "ConfigurationRecorder",
      ],
      "Properties": Object {
        "Source": Object {
          "Owner": "AWS",
          "SourceIdentifier": "ELASTICSEARCH_ENCRYPTED_AT_REST",
        },
      },
      "Type": "AWS::Config::ConfigRule",
    },
    "ManagedRuleELASTICSEARCHINVPCONLY916CB084": Object {
      "DependsOn": Array [
        "ConfigurationRecorder",
      ],
      "Properties": Object {
        "Source": Object {
          "Owner": "AWS",
          "SourceIdentifier": "ELASTICSEARCH_IN_VPC_ONLY",
        },
      },
      "Type": "AWS::Config::ConfigRule",
    },
    "ManagedRuleELASTICSEARCHNODETONODEENCRYPTIONCHECKC5CCAD9F": Object {
      "DependsOn": Array [
        "ConfigurationRecorder",
      ],
      "Properties": Object {
        "Source": Object {
          "Owner": "AWS",
          "SourceIdentifier": "ELASTICSEARCH_NODE_TO_NODE_ENCRYPTION_CHECK",
        },
      },
      "Type": "AWS::Config::ConfigRule",
    },
    "ManagedRuleELBACMCERTIFICATEREQUIREDF736C009": Object {
      "DependsOn": Array [
        "ConfigurationRecorder",
      ],
      "Properties": Object {
        "Source": Object {
          "Owner": "AWS",
          "SourceIdentifier": "ELB_ACM_CERTIFICATE_REQUIRED",
        },
      },
      "Type": "AWS::Config::ConfigRule",
    },
    "ManagedRuleELBCROSSZONELOADBALANCINGENABLEDC22996E2": Object {
      "DependsOn": Array [
        "ConfigurationRecorder",
      ],
      "Properties": Object {
        "Source": Object {
          "Owner": "AWS",
          "SourceIdentifier": "ELB_CROSS_ZONE_LOAD_BALANCING_ENABLED",
        },
      },
      "Type": "AWS::Config::ConfigRule",
    },
    "ManagedRuleELBDELETIONPROTECTIONENABLED52CBF423": Object {
      "DependsOn": Array [
        "ConfigurationRecorder",
      ],
      "Properties": Object {
        "Source": Object {
          "Owner": "AWS",
          "SourceIdentifier": "ELB_DELETION_PROTECTION_ENABLED",
        },
      },
      "Type": "AWS::Config::ConfigRule",
    },
    "ManagedRuleELBLOGGINGENABLED1C1248CF": Object {
      "DependsOn": Array [
        "ConfigurationRecorder",
      ],
      "Properties": Object {
        "Source": Object {
          "Owner": "AWS",
          "SourceIdentifier": "ELB_LOGGING_ENABLED",
        },
      },
      "Type": "AWS::Config::ConfigRule",
    },
    "ManagedRuleELBTLSHTTPSLISTENERSONLY4FD295B9": Object {
      "DependsOn": Array [
        "ConfigurationRecorder",
      ],
      "Properties": Object {
        "Source": Object {
          "Owner": "AWS",
          "SourceIdentifier": "ELB_TLS_HTTPS_LISTENERS_ONLY",
        },
      },
      "Type": "AWS::Config::ConfigRule",
    },
    "ManagedRuleEMRMASTERNOPUBLICIPAB8628F9": Object {
      "DependsOn": Array [
        "ConfigurationRecorder",
      ],
      "Properties": Object {
        "Source": Object {
          "Owner": "AWS",
          "SourceIdentifier": "EMR_MASTER_NO_PUBLIC_IP",
        },
      },
      "Type": "AWS::Config::ConfigRule",
    },
    "ManagedRuleENCRYPTEDVOLUMESE1A8CEFB": Object {
      "DependsOn": Array [
        "ConfigurationRecorder",
      ],
      "Properties": Object {
        "Source": Object {
          "Owner": "AWS",
          "SourceIdentifier": "ENCRYPTED_VOLUMES",
        },
      },
      "Type": "AWS::Config::ConfigRule",
    },
    "ManagedRuleGUARDDUTYENABLEDCENTRALIZEDFDE5B1E9": Object {
      "DependsOn": Array [
        "ConfigurationRecorder",
      ],
      "Properties": Object {
        "Source": Object {
          "Owner": "AWS",
          "SourceIdentifier": "GUARDDUTY_ENABLED_CENTRALIZED",
        },
      },
      "Type": "AWS::Config::ConfigRule",
    },
    "ManagedRuleIAMGROUPHASUSERSCHECK59AC5CEE": Object {
      "DependsOn": Array [
        "ConfigurationRecorder",
      ],
      "Properties": Object {
        "Source": Object {
          "Owner": "AWS",
          "SourceIdentifier": "IAM_GROUP_HAS_USERS_CHECK",
        },
      },
      "Type": "AWS::Config::ConfigRule",
    },
    "ManagedRuleIAMNOINLINEPOLICYCHECK77905FF6": Object {
      "DependsOn": Array [
        "ConfigurationRecorder",
      ],
      "Properties": Object {
        "Source": Object {
          "Owner": "AWS",
          "SourceIdentifier": "IAM_NO_INLINE_POLICY_CHECK",
        },
      },
      "Type": "AWS::Config::ConfigRule",
    },
    "ManagedRuleIAMPASSWORDPOLICY81718007": Object {
      "DependsOn": Array [
        "ConfigurationRecorder",
      ],
      "Properties": Object {
        "InputParameters": Object {
          "MinimumPasswordLength": 14,
          "PasswordReusePrevention": 1,
          "RequireLowercaseCharacters": false,
          "RequireNumbers": false,
          "RequireSymbols": false,
          "RequireUppercaseCharacters": false,
        },
        "Source": Object {
          "Owner": "AWS",
          "SourceIdentifier": "IAM_PASSWORD_POLICY",
        },
      },
      "Type": "AWS::Config::ConfigRule",
    },
    "ManagedRuleIAMPOLICYNOSTATEMENTSWITHADMINACCESS0DC747C7": Object {
      "DependsOn": Array [
        "ConfigurationRecorder",
      ],
      "Properties": Object {
        "Source": Object {
          "Owner": "AWS",
          "SourceIdentifier": "IAM_POLICY_NO_STATEMENTS_WITH_ADMIN_ACCESS",
        },
      },
      "Type": "AWS::Config::ConfigRule",
    },
    "ManagedRuleIAMROOTACCESSKEYCHECK49AF28E8": Object {
      "DependsOn": Array [
        "ConfigurationRecorder",
      ],
      "Properties": Object {
        "Source": Object {
          "Owner": "AWS",
          "SourceIdentifier": "IAM_ROOT_ACCESS_KEY_CHECK",
        },
      },
      "Type": "AWS::Config::ConfigRule",
    },
    "ManagedRuleIAMUSERGROUPMEMBERSHIPCHECKB5435C96": Object {
      "DependsOn": Array [
        "ConfigurationRecorder",
      ],
      "Properties": Object {
        "Source": Object {
          "Owner": "AWS",
          "SourceIdentifier": "IAM_USER_GROUP_MEMBERSHIP_CHECK",
        },
      },
      "Type": "AWS::Config::ConfigRule",
    },
    "ManagedRuleIAMUSERMFAENABLEDEA6711C3": Object {
      "DependsOn": Array [
        "ConfigurationRecorder",
      ],
      "Properties": Object {
        "Source": Object {
          "Owner": "AWS",
          "SourceIdentifier": "IAM_USER_MFA_ENABLED",
        },
      },
      "Type": "AWS::Config::ConfigRule",
    },
    "ManagedRuleIAMUSERNOPOLICIESCHECK8015E6E8": Object {
      "DependsOn": Array [
        "ConfigurationRecorder",
      ],
      "Properties": Object {
        "Source": Object {
          "Owner": "AWS",
          "SourceIdentifier": "IAM_USER_NO_POLICIES_CHECK",
        },
      },
      "Type": "AWS::Config::ConfigRule",
    },
    "ManagedRuleIAMUSERUNUSEDCREDENTIALSCHECKD167A04E": Object {
      "DependsOn": Array [
        "ConfigurationRecorder",
      ],
      "Properties": Object {
        "InputParameters": Object {
          "maxCredentialUsageAge": 90,
        },
        "Source": Object {
          "Owner": "AWS",
          "SourceIdentifier": "IAM_USER_UNUSED_CREDENTIALS_CHECK",
        },
      },
      "Type": "AWS::Config::ConfigRule",
    },
    "ManagedRuleINCOMINGSSHDISABLEDE11B8596": Object {
      "DependsOn": Array [
        "ConfigurationRecorder",
      ],
      "Properties": Object {
        "Source": Object {
          "Owner": "AWS",
          "SourceIdentifier": "INCOMING_SSH_DISABLED",
        },
      },
      "Type": "AWS::Config::ConfigRule",
    },
    "ManagedRuleINSTANCESINVPCB18FD5EA": Object {
      "DependsOn": Array [
        "ConfigurationRecorder",
      ],
      "Properties": Object {
        "Source": Object {
          "Owner": "AWS",
          "SourceIdentifier": "INSTANCES_IN_VPC",
        },
      },
      "Type": "AWS::Config::ConfigRule",
    },
    "ManagedRuleLAMBDACONCURRENCYCHECKBF079FB6": Object {
      "DependsOn": Array [
        "ConfigurationRecorder",
      ],
      "Properties": Object {
        "Source": Object {
          "Owner": "AWS",
          "SourceIdentifier": "LAMBDA_CONCURRENCY_CHECK",
        },
      },
      "Type": "AWS::Config::ConfigRule",
    },
    "ManagedRuleLAMBDADLQCHECKDA6D9C6B": Object {
      "DependsOn": Array [
        "ConfigurationRecorder",
      ],
      "Properties": Object {
        "Source": Object {
          "Owner": "AWS",
          "SourceIdentifier": "LAMBDA_DLQ_CHECK",
        },
      },
      "Type": "AWS::Config::ConfigRule",
    },
    "ManagedRuleLAMBDAFUNCTIONPUBLICACCESSPROHIBITEDCE922EB5": Object {
      "DependsOn": Array [
        "ConfigurationRecorder",
      ],
      "Properties": Object {
        "Source": Object {
          "Owner": "AWS",
          "SourceIdentifier": "LAMBDA_FUNCTION_PUBLIC_ACCESS_PROHIBITED",
        },
      },
      "Type": "AWS::Config::ConfigRule",
    },
    "ManagedRuleMFAENABLEDFORIAMCONSOLEACCESSC4D65D6D": Object {
      "DependsOn": Array [
        "ConfigurationRecorder",
      ],
      "Properties": Object {
        "Source": Object {
          "Owner": "AWS",
          "SourceIdentifier": "MFA_ENABLED_FOR_IAM_CONSOLE_ACCESS",
        },
      },
      "Type": "AWS::Config::ConfigRule",
    },
    "ManagedRuleRDSCLUSTERDELETIONPROTECTIONENABLEDE0145EC6": Object {
      "DependsOn": Array [
        "ConfigurationRecorder",
      ],
      "Properties": Object {
        "Source": Object {
          "Owner": "AWS",
          "SourceIdentifier": "RDS_CLUSTER_DELETION_PROTECTION_ENABLED",
        },
      },
      "Type": "AWS::Config::ConfigRule",
    },
    "ManagedRuleRDSENHANCEDMONITORINGENABLED169163C8": Object {
      "DependsOn": Array [
        "ConfigurationRecorder",
      ],
      "Properties": Object {
        "Source": Object {
          "Owner": "AWS",
          "SourceIdentifier": "RDS_ENHANCED_MONITORING_ENABLED",
        },
      },
      "Type": "AWS::Config::ConfigRule",
    },
    "ManagedRuleRDSINBACKUPPLAN38F500FB": Object {
      "DependsOn": Array [
        "ConfigurationRecorder",
      ],
      "Properties": Object {
        "Source": Object {
          "Owner": "AWS",
          "SourceIdentifier": "RDS_IN_BACKUP_PLAN",
        },
      },
      "Type": "AWS::Config::ConfigRule",
    },
    "ManagedRuleRDSINSTANCEDELETIONPROTECTIONENABLED27270C74": Object {
      "DependsOn": Array [
        "ConfigurationRecorder",
      ],
      "Properties": Object {
        "Source": Object {
          "Owner": "AWS",
          "SourceIdentifier": "RDS_INSTANCE_DELETION_PROTECTION_ENABLED",
        },
      },
      "Type": "AWS::Config::ConfigRule",
    },
    "ManagedRuleRDSINSTANCEIAMAUTHENTICATIONENABLEDFB9D0FCF": Object {
      "DependsOn": Array [
        "ConfigurationRecorder",
      ],
      "Properties": Object {
        "Source": Object {
          "Owner": "AWS",
          "SourceIdentifier": "RDS_INSTANCE_IAM_AUTHENTICATION_ENABLED",
        },
      },
      "Type": "AWS::Config::ConfigRule",
    },
    "ManagedRuleRDSINSTANCEPUBLICACCESSCHECK2C14EA09": Object {
      "DependsOn": Array [
        "ConfigurationRecorder",
      ],
      "Properties": Object {
        "Source": Object {
          "Owner": "AWS",
          "SourceIdentifier": "RDS_INSTANCE_PUBLIC_ACCESS_CHECK",
        },
      },
      "Type": "AWS::Config::ConfigRule",
    },
    "ManagedRuleRDSLOGGINGENABLED5D3B0AC1": Object {
      "DependsOn": Array [
        "ConfigurationRecorder",
      ],
      "Properties": Object {
        "Source": Object {
          "Owner": "AWS",
          "SourceIdentifier": "RDS_LOGGING_ENABLED",
        },
      },
      "Type": "AWS::Config::ConfigRule",
    },
    "ManagedRuleRDSMULTIAZSUPPORTE6B1C14A": Object {
      "DependsOn": Array [
        "ConfigurationRecorder",
      ],
      "Properties": Object {
        "Source": Object {
          "Owner": "AWS",
          "SourceIdentifier": "RDS_MULTI_AZ_SUPPORT",
        },
      },
      "Type": "AWS::Config::ConfigRule",
    },
    "ManagedRuleRDSSNAPSHOTENCRYPTED33832208": Object {
      "DependsOn": Array [
        "ConfigurationRecorder",
      ],
      "Properties": Object {
        "Source": Object {
          "Owner": "AWS",
          "SourceIdentifier": "RDS_SNAPSHOT_ENCRYPTED",
        },
      },
      "Type": "AWS::Config::ConfigRule",
    },
    "ManagedRuleRDSSNAPSHOTSPUBLICPROHIBITED76EB5FBF": Object {
      "DependsOn": Array [
        "ConfigurationRecorder",
      ],
      "Properties": Object {
        "Source": Object {
          "Owner": "AWS",
          "SourceIdentifier": "RDS_SNAPSHOTS_PUBLIC_PROHIBITED",
        },
      },
      "Type": "AWS::Config::ConfigRule",
    },
    "ManagedRuleREDSHIFTBACKUPENABLEDFC666608": Object {
      "DependsOn": Array [
        "ConfigurationRecorder",
      ],
      "Properties": Object {
        "Source": Object {
          "Owner": "AWS",
          "SourceIdentifier": "REDSHIFT_BACKUP_ENABLED",
        },
      },
      "Type": "AWS::Config::ConfigRule",
    },
    "ManagedRuleREDSHIFTCLUSTERPUBLICACCESSCHECK1F7BED65": Object {
      "DependsOn": Array [
        "ConfigurationRecorder",
      ],
      "Properties": Object {
        "Source": Object {
          "Owner": "AWS",
          "SourceIdentifier": "REDSHIFT_CLUSTER_PUBLIC_ACCESS_CHECK",
        },
      },
      "Type": "AWS::Config::ConfigRule",
    },
    "ManagedRuleREDSHIFTREQUIRETLSSSL9F0B31CE": Object {
      "DependsOn": Array [
        "ConfigurationRecorder",
      ],
      "Properties": Object {
        "Source": Object {
          "Owner": "AWS",
          "SourceIdentifier": "REDSHIFT_REQUIRE_TLS_SSL",
        },
      },
      "Type": "AWS::Config::ConfigRule",
    },
    "ManagedRuleROOTACCOUNTHARDWAREMFAENABLED6FA3924A": Object {
      "DependsOn": Array [
        "ConfigurationRecorder",
      ],
      "Properties": Object {
        "Source": Object {
          "Owner": "AWS",
          "SourceIdentifier": "ROOT_ACCOUNT_HARDWARE_MFA_ENABLED",
        },
      },
      "Type": "AWS::Config::ConfigRule",
    },
    "ManagedRuleROOTACCOUNTMFAENABLED19EBBDCB": Object {
      "DependsOn": Array [
        "ConfigurationRecorder",
      ],
      "Properties": Object {
        "Source": Object {
          "Owner": "AWS",
          "SourceIdentifier": "ROOT_ACCOUNT_MFA_ENABLED",
        },
      },
      "Type": "AWS::Config::ConfigRule",
    },
    "ManagedRuleS3BUCKETDEFAULTLOCKENABLED17230AB5": Object {
      "DependsOn": Array [
        "ConfigurationRecorder",
      ],
      "Properties": Object {
        "Source": Object {
          "Owner": "AWS",
          "SourceIdentifier": "S3_BUCKET_DEFAULT_LOCK_ENABLED",
        },
      },
      "Type": "AWS::Config::ConfigRule",
    },
    "ManagedRuleS3BUCKETPUBLICREADPROHIBITED0194C4F0": Object {
      "DependsOn": Array [
        "ConfigurationRecorder",
      ],
      "Properties": Object {
        "Source": Object {
          "Owner": "AWS",
          "SourceIdentifier": "S3_BUCKET_PUBLIC_READ_PROHIBITED",
        },
      },
      "Type": "AWS::Config::ConfigRule",
    },
    "ManagedRuleS3BUCKETPUBLICWRITEPROHIBITEDA617F324": Object {
      "DependsOn": Array [
        "ConfigurationRecorder",
      ],
      "Properties": Object {
        "Source": Object {
          "Owner": "AWS",
          "SourceIdentifier": "S3_BUCKET_PUBLIC_WRITE_PROHIBITED",
        },
      },
      "Type": "AWS::Config::ConfigRule",
    },
    "ManagedRuleS3BUCKETREPLICATIONENABLEDF8483281": Object {
      "DependsOn": Array [
        "ConfigurationRecorder",
      ],
      "Properties": Object {
        "Source": Object {
          "Owner": "AWS",
          "SourceIdentifier": "S3_BUCKET_REPLICATION_ENABLED",
        },
      },
      "Type": "AWS::Config::ConfigRule",
    },
    "ManagedRuleS3BUCKETSERVERSIDEENCRYPTIONENABLED1A0DB72A": Object {
      "DependsOn": Array [
        "ConfigurationRecorder",
      ],
      "Properties": Object {
        "Source": Object {
          "Owner": "AWS",
          "SourceIdentifier": "S3_BUCKET_SERVER_SIDE_ENCRYPTION_ENABLED",
        },
      },
      "Type": "AWS::Config::ConfigRule",
    },
    "ManagedRuleS3BUCKETSSLREQUESTSONLY834B2BE7": Object {
      "DependsOn": Array [
        "ConfigurationRecorder",
      ],
      "Properties": Object {
        "Source": Object {
          "Owner": "AWS",
          "SourceIdentifier": "S3_BUCKET_SSL_REQUESTS_ONLY",
        },
      },
      "Type": "AWS::Config::ConfigRule",
    },
    "ManagedRuleS3BUCKETVERSIONINGENABLED304616A4": Object {
      "DependsOn": Array [
        "ConfigurationRecorder",
      ],
      "Properties": Object {
        "Source": Object {
          "Owner": "AWS",
          "SourceIdentifier": "S3_BUCKET_VERSIONING_ENABLED",
        },
      },
      "Type": "AWS::Config::ConfigRule",
    },
    "ManagedRuleS3DEFAULTENCRYPTIONKMSAB072EF4": Object {
      "DependsOn": Array [
        "ConfigurationRecorder",
      ],
      "Properties": Object {
        "Source": Object {
          "Owner": "AWS",
          "SourceIdentifier": "S3_DEFAULT_ENCRYPTION_KMS",
        },
      },
      "Type": "AWS::Config::ConfigRule",
    },
    "ManagedRuleSAGEMAKERNOTEBOOKNODIRECTINTERNETACCESS1F2EABB0": Object {
      "DependsOn": Array [
        "ConfigurationRecorder",
      ],
      "Properties": Object {
        "Source": Object {
          "Owner": "AWS",
          "SourceIdentifier": "SAGEMAKER_NOTEBOOK_NO_DIRECT_INTERNET_ACCESS",
        },
      },
      "Type": "AWS::Config::ConfigRule",
    },
    "ManagedRuleSECRETSMANAGERROTATIONENABLEDCHECK3DABF910": Object {
      "DependsOn": Array [
        "ConfigurationRecorder",
      ],
      "Properties": Object {
        "Source": Object {
          "Owner": "AWS",
          "SourceIdentifier": "SECRETSMANAGER_ROTATION_ENABLED_CHECK",
        },
      },
      "Type": "AWS::Config::ConfigRule",
    },
    "ManagedRuleSECRETSMANAGERSCHEDULEDROTATIONSUCCESSCHECKD789E500": Object {
      "DependsOn": Array [
        "ConfigurationRecorder",
      ],
      "Properties": Object {
        "Source": Object {
          "Owner": "AWS",
          "SourceIdentifier": "SECRETSMANAGER_SCHEDULED_ROTATION_SUCCESS_CHECK",
        },
      },
      "Type": "AWS::Config::ConfigRule",
    },
    "ManagedRuleSECURITYHUBENABLED339E2829": Object {
      "DependsOn": Array [
        "ConfigurationRecorder",
      ],
      "Properties": Object {
        "Source": Object {
          "Owner": "AWS",
          "SourceIdentifier": "SECURITYHUB_ENABLED",
        },
      },
      "Type": "AWS::Config::ConfigRule",
    },
    "ManagedRuleSNSENCRYPTEDKMSB7610B48": Object {
      "DependsOn": Array [
        "ConfigurationRecorder",
      ],
      "Properties": Object {
        "Source": Object {
          "Owner": "AWS",
          "SourceIdentifier": "SNS_ENCRYPTED_KMS",
        },
      },
      "Type": "AWS::Config::ConfigRule",
    },
    "ManagedRuleVPCDEFAULTSECURITYGROUPCLOSED2D2C7251": Object {
      "DependsOn": Array [
        "ConfigurationRecorder",
      ],
      "Properties": Object {
        "Source": Object {
          "Owner": "AWS",
          "SourceIdentifier": "VPC_DEFAULT_SECURITY_GROUP_CLOSED",
        },
      },
      "Type": "AWS::Config::ConfigRule",
    },
    "ManagedRuleVPCVPN2TUNNELSUP8F7B0A15": Object {
      "DependsOn": Array [
        "ConfigurationRecorder",
      ],
      "Properties": Object {
        "Source": Object {
          "Owner": "AWS",
          "SourceIdentifier": "VPC_VPN_2_TUNNELS_UP",
        },
      },
      "Type": "AWS::Config::ConfigRule",
    },
  },
}
`;
